{"id":"None","format":"Biological Observation Matrix 1.0.0","format_url":"http://biom-format.org","type":"OTU table","generated_by":"BIOM-Format 1.3.1","date":"2016-04-05T01:08:59.073096","matrix_type":"sparse","matrix_element_type":"int","shape":[66, 28],"data":[[0, 0, 1048.0], [0, 1, 90.0], [0, 2, 2567.0], [0, 3, 2960.0], [0, 4, 1093.0], [0, 5, 780.0], [0, 6, 3831.0], [0, 7, 8518.0], [0, 8, 4274.0], [0, 9, 387.0], [0, 10, 1323.0], [0, 11, 3708.0], [0, 12, 807.0], [0, 13, 4147.0], [0, 14, 1.0], [0, 15, 18561.0], [0, 16, 1525.0], [0, 17, 3259.0], [0, 18, 3423.0], [0, 19, 143.0], [0, 20, 955.0], [0, 21, 210.0], [0, 22, 529.0], [0, 23, 210.0], [0, 24, 228.0], [0, 25, 431.0], [0, 26, 61.0], [0, 27, 0], [1, 0, 101.0], [1, 1, 9730.0], [1, 2, 7518.0], [1, 3, 8713.0], [1, 4, 3746.0], [1, 5, 2785.0], [1, 6, 2549.0], [1, 7, 194.0], [1, 8, 5592.0], [1, 9, 1224.0], [1, 10, 2550.0], [1, 11, 2731.0], [1, 12, 2884.0], [1, 13, 6729.0], [1, 14, 1.0], [1, 15, 3.0], [1, 16, 2185.0], [1, 17, 747.0], [1, 18, 347.0], [1, 19, 7885.0], [1, 20, 35.0], [1, 21, 1383.0], [1, 22, 131.0], [1, 23, 0], [1, 24, 29.0], [1, 25, 286.0], [1, 26, 412.0], [1, 27, 0], [2, 0, 9.0], [2, 1, 0], [2, 2, 2.0], [2, 3, 0], [2, 4, 71.0], [2, 5, 0], [2, 6, 0], [2, 7, 1615.0], [2, 8, 5.0], [2, 9, 4.0], [2, 10, 0], [2, 11, 3.0], [2, 12, 0], [2, 13, 0], [2, 14, 0], [2, 15, 0], [2, 16, 5.0], [2, 17, 2.0], [2, 18, 76.0], [2, 19, 2.0], [2, 20, 5.0], [2, 21, 4.0], [2, 22, 0], [2, 23, 4.0], [2, 24, 9.0], [2, 25, 64.0], [2, 26, 217.0], [2, 27, 0], [3, 0, 96.0], [3, 1, 1040.0], [3, 2, 1173.0], [3, 3, 3081.0], [3, 4, 6457.0], [3, 5, 4140.0], [3, 6, 1640.0], [3, 7, 0], [3, 8, 1118.0], [3, 9, 1037.0], [3, 10, 1967.0], [3, 11, 1740.0], [3, 12, 963.0], [3, 13, 202.0], [3, 14, 0], [3, 15, 1.0], [3, 16, 254.0], [3, 17, 128.0], [3, 18, 1077.0], [3, 19, 3369.0], [3, 20, 9.0], [3, 21, 0], [3, 22, 0], [3, 23, 0], [3, 24, 0], [3, 25, 160.0], [3, 26, 0], [3, 27, 0], [4, 0, 271.0], [4, 1, 188.0], [4, 2, 196.0], [4, 3, 17.0], [4, 4, 67.0], [4, 5, 237.0], [4, 6, 0], [4, 7, 4445.0], [4, 8, 135.0], [4, 9, 549.0], [4, 10, 141.0], [4, 11, 93.0], [4, 12, 257.0], [4, 13, 1549.0], [4, 14, 0], [4, 15, 428.0], [4, 16, 53.0], [4, 17, 1187.0], [4, 18, 2988.0], [4, 19, 235.0], [4, 20, 97.0], [4, 21, 7580.0], [4, 22, 622.0], [4, 23, 271.0], [4, 24, 174.0], [4, 25, 330.0], [4, 26, 192.0], [4, 27, 0], [5, 0, 44.0], [5, 1, 897.0], [5, 2, 2926.0], [5, 3, 4830.0], [5, 4, 14188.0], [5, 5, 17682.0], [5, 6, 2238.0], [5, 7, 0], [5, 8, 1291.0], [5, 9, 1933.0], [5, 10, 2092.0], [5, 11, 3454.0], [5, 12, 918.0], [5, 13, 389.0], [5, 14, 0], [5, 15, 0], [5, 16, 1311.0], [5, 17, 0], [5, 18, 507.0], [5, 19, 2815.0], [5, 20, 2.0], [5, 21, 2.0], [5, 22, 1.0], [5, 23, 0], [5, 24, 70.0], [5, 25, 10.0], [5, 26, 0], [5, 27, 0], [6, 0, 27.0], [6, 1, 162.0], [6, 2, 823.0], [6, 3, 32.0], [6, 4, 245.0], [6, 5, 1420.0], [6, 6, 6.0], [6, 7, 10167.0], [6, 8, 275.0], [6, 9, 654.0], [6, 10, 120.0], [6, 11, 639.0], [6, 12, 2065.0], [6, 13, 680.0], [6, 14, 0], [6, 15, 836.0], [6, 16, 877.0], [6, 17, 1029.0], [6, 18, 1025.0], [6, 19, 568.0], [6, 20, 2844.0], [6, 21, 381.0], [6, 22, 881.0], [6, 23, 422.0], [6, 24, 592.0], [6, 25, 171.0], [6, 26, 495.0], [6, 27, 0], [7, 0, 4475.0], [7, 1, 13958.0], [7, 2, 4420.0], [7, 3, 14154.0], [7, 4, 10084.0], [7, 5, 8859.0], [7, 6, 18951.0], [7, 7, 2278.0], [7, 8, 12764.0], [7, 9, 7611.0], [7, 10, 14889.0], [7, 11, 7758.0], [7, 12, 9980.0], [7, 13, 4063.0], [7, 14, 0], [7, 15, 16017.0], [7, 16, 6914.0], [7, 17, 20289.0], [7, 18, 13177.0], [7, 19, 753.0], [7, 20, 315.0], [7, 21, 90.0], [7, 22, 0], [7, 23, 9.0], [7, 24, 54.0], [7, 25, 1818.0], [7, 26, 3.0], [7, 27, 2.0], [8, 0, 0], [8, 1, 0], [8, 2, 0], [8, 3, 0], [8, 4, 0], [8, 5, 26.0], [8, 6, 0], [8, 7, 0], [8, 8, 0], [8, 9, 0], [8, 10, 0], [8, 11, 8.0], [8, 12, 0], [8, 13, 0], [8, 14, 0], [8, 15, 1.0], [8, 16, 29.0], [8, 17, 0], [8, 18, 8162.0], [8, 19, 0], [8, 20, 58.0], [8, 21, 0], [8, 22, 0], [8, 23, 49.0], [8, 24, 0], [8, 25, 0], [8, 26, 0], [8, 27, 0], [9, 0, 0], [9, 1, 0], [9, 2, 0], [9, 3, 122.0], [9, 4, 51.0], [9, 5, 99.0], [9, 6, 310.0], [9, 7, 1.0], [9, 8, 827.0], [9, 9, 0], [9, 10, 679.0], [9, 11, 48.0], [9, 12, 708.0], [9, 13, 1689.0], [9, 14, 0], [9, 15, 0], [9, 16, 525.0], [9, 17, 1.0], [9, 18, 103.0], [9, 19, 79.0], [9, 20, 26.0], [9, 21, 1.0], [9, 22, 2.0], [9, 23, 0], [9, 24, 0], [9, 25, 163.0], [9, 26, 0], [9, 27, 0], [10, 0, 7.0], [10, 1, 0], [10, 2, 0], [10, 3, 158.0], [10, 4, 52.0], [10, 5, 133.0], [10, 6, 407.0], [10, 7, 0], [10, 8, 1470.0], [10, 9, 0], [10, 10, 1262.0], [10, 11, 47.0], [10, 12, 1019.0], [10, 13, 2277.0], [10, 14, 0], [10, 15, 0], [10, 16, 635.0], [10, 17, 0], [10, 18, 103.0], [10, 19, 145.0], [10, 20, 6.0], [10, 21, 0], [10, 22, 0], [10, 23, 1.0], [10, 24, 0], [10, 25, 158.0], [10, 26, 3.0], [10, 27, 1.0], [11, 0, 0], [11, 1, 490.0], [11, 2, 1469.0], [11, 3, 745.0], [11, 4, 372.0], [11, 5, 280.0], [11, 6, 839.0], [11, 7, 0], [11, 8, 120.0], [11, 9, 21.0], [11, 10, 17.0], [11, 11, 918.0], [11, 12, 0], [11, 13, 0], [11, 14, 0], [11, 15, 0], [11, 16, 235.0], [11, 17, 0], [11, 18, 0], [11, 19, 0], [11, 20, 0], [11, 21, 0], [11, 22, 0], [11, 23, 0], [11, 24, 1.0], [11, 25, 0], [11, 26, 0], [11, 27, 0], [12, 0, 0], [12, 1, 501.0], [12, 2, 201.0], [12, 3, 187.0], [12, 4, 264.0], [12, 5, 0], [12, 6, 12.0], [12, 7, 0], [12, 8, 120.0], [12, 9, 665.0], [12, 10, 1903.0], [12, 11, 18.0], [12, 12, 819.0], [12, 13, 0], [12, 14, 0], [12, 15, 0], [12, 16, 0], [12, 17, 0], [12, 18, 0], [12, 19, 130.0], [12, 20, 0], [12, 21, 0], [12, 22, 0], [12, 23, 1.0], [12, 24, 0], [12, 25, 0], [12, 26, 0], [12, 27, 0], [13, 0, 669.0], [13, 1, 4510.0], [13, 2, 307.0], [13, 3, 3086.0], [13, 4, 781.0], [13, 5, 1641.0], [13, 6, 3227.0], [13, 7, 0], [13, 8, 2996.0], [13, 9, 1136.0], [13, 10, 4645.0], [13, 11, 2406.0], [13, 12, 5678.0], [13, 13, 2622.0], [13, 14, 0], [13, 15, 1251.0], [13, 16, 2877.0], [13, 17, 4980.0], [13, 18, 4331.0], [13, 19, 140.0], [13, 20, 646.0], [13, 21, 189.0], [13, 22, 23.0], [13, 23, 35.0], [13, 24, 0], [13, 25, 959.0], [13, 26, 53.0], [13, 27, 0], [14, 0, 332.0], [14, 1, 748.0], [14, 2, 3.0], [14, 3, 91.0], [14, 4, 43.0], [14, 5, 2.0], [14, 6, 18.0], [14, 7, 498.0], [14, 8, 387.0], [14, 9, 11541.0], [14, 10, 2896.0], [14, 11, 6.0], [14, 12, 4774.0], [14, 13, 704.0], [14, 14, 0], [14, 15, 0], [14, 16, 124.0], [14, 17, 7368.0], [14, 18, 344.0], [14, 19, 5531.0], [14, 20, 246.0], [14, 21, 1789.0], [14, 22, 93.0], [14, 23, 1.0], [14, 24, 328.0], [14, 25, 80.0], [14, 26, 0], [14, 27, 1.0], [15, 0, 9.0], [15, 1, 6.0], [15, 2, 31.0], [15, 3, 55.0], [15, 4, 62.0], [15, 5, 0], [15, 6, 30.0], [15, 7, 0], [15, 8, 22.0], [15, 9, 0], [15, 10, 55.0], [15, 11, 1.0], [15, 12, 91.0], [15, 13, 0], [15, 14, 0], [15, 15, 0], [15, 16, 5.0], [15, 17, 0], [15, 18, 0], [15, 19, 213.0], [15, 20, 42.0], [15, 21, 73.0], [15, 22, 372.0], [15, 23, 0], [15, 24, 0], [15, 25, 0], [15, 26, 48.0], [15, 27, 0], [16, 0, 30.0], [16, 1, 1407.0], [16, 2, 33.0], [16, 3, 13.0], [16, 4, 11.0], [16, 5, 3.0], [16, 6, 11.0], [16, 7, 9.0], [16, 8, 237.0], [16, 9, 29.0], [16, 10, 605.0], [16, 11, 19.0], [16, 12, 18.0], [16, 13, 15.0], [16, 14, 0], [16, 15, 30.0], [16, 16, 15.0], [16, 17, 18.0], [16, 18, 29.0], [16, 19, 33.0], [16, 20, 38.0], [16, 21, 37.0], [16, 22, 6.0], [16, 23, 2.0], [16, 24, 18.0], [16, 25, 1.0], [16, 26, 17.0], [16, 27, 0], [17, 0, 149.0], [17, 1, 0], [17, 2, 3.0], [17, 3, 0], [17, 4, 0], [17, 5, 17.0], [17, 6, 0], [17, 7, 0], [17, 8, 15.0], [17, 9, 0], [17, 10, 0], [17, 11, 229.0], [17, 12, 0], [17, 13, 0], [17, 14, 0], [17, 15, 16.0], [17, 16, 25.0], [17, 17, 0], [17, 18, 72.0], [17, 19, 6.0], [17, 20, 104.0], [17, 21, 0], [17, 22, 26.0], [17, 23, 149.0], [17, 24, 12.0], [17, 25, 0], [17, 26, 0], [17, 27, 0], [18, 0, 27.0], [18, 1, 1.0], [18, 2, 167.0], [18, 3, 318.0], [18, 4, 995.0], [18, 5, 557.0], [18, 6, 507.0], [18, 7, 0], [18, 8, 1165.0], [18, 9, 18.0], [18, 10, 2343.0], [18, 11, 124.0], [18, 12, 783.0], [18, 13, 2055.0], [18, 14, 0], [18, 15, 0], [18, 16, 262.0], [18, 17, 1.0], [18, 18, 2166.0], [18, 19, 302.0], [18, 20, 109.0], [18, 21, 0], [18, 22, 0], [18, 23, 0], [18, 24, 105.0], [18, 25, 250.0], [18, 26, 0], [18, 27, 0], [19, 0, 0], [19, 1, 0], [19, 2, 0], [19, 3, 0], [19, 4, 0], [19, 5, 0], [19, 6, 0], [19, 7, 0], [19, 8, 33.0], [19, 9, 0], [19, 10, 0], [19, 11, 9.0], [19, 12, 0], [19, 13, 0], [19, 14, 0], [19, 15, 0], [19, 16, 0], [19, 17, 0], [19, 18, 13.0], [19, 19, 0], [19, 20, 0], [19, 21, 0], [19, 22, 2.0], [19, 23, 0], [19, 24, 0], [19, 25, 0], [19, 26, 0], [19, 27, 0], [20, 0, 0], [20, 1, 0], [20, 2, 0], [20, 3, 0], [20, 4, 0], [20, 5, 0], [20, 6, 0], [20, 7, 0], [20, 8, 0], [20, 9, 0], [20, 10, 0], [20, 11, 0], [20, 12, 0], [20, 13, 0], [20, 14, 0], [20, 15, 0], [20, 16, 0], [20, 17, 0], [20, 18, 0], [20, 19, 0], [20, 20, 0], [20, 21, 0], [20, 22, 0], [20, 23, 0], [20, 24, 0], [20, 25, 26.0], [20, 26, 0], [20, 27, 0], [21, 0, 0], [21, 1, 0], [21, 2, 0], [21, 3, 155.0], [21, 4, 0], [21, 5, 0], [21, 6, 0], [21, 7, 0], [21, 8, 0], [21, 9, 0], [21, 10, 1190.0], [21, 11, 0], [21, 12, 0], [21, 13, 0], [21, 14, 0], [21, 15, 0], [21, 16, 0], [21, 17, 0], [21, 18, 0], [21, 19, 1875.0], [21, 20, 0], [21, 21, 1.0], [21, 22, 1.0], [21, 23, 0], [21, 24, 0], [21, 25, 0], [21, 26, 0], [21, 27, 0], [22, 0, 25.0], [22, 1, 4939.0], [22, 2, 696.0], [22, 3, 1510.0], [22, 4, 2598.0], [22, 5, 915.0], [22, 6, 305.0], [22, 7, 0], [22, 8, 796.0], [22, 9, 0], [22, 10, 197.0], [22, 11, 916.0], [22, 12, 519.0], [22, 13, 3318.0], [22, 14, 0], [22, 15, 0], [22, 16, 346.0], [22, 17, 3.0], [22, 18, 17.0], [22, 19, 1966.0], [22, 20, 4.0], [22, 21, 2.0], [22, 22, 0], [22, 23, 0], [22, 24, 0], [22, 25, 182.0], [22, 26, 4.0], [22, 27, 0], [23, 0, 42207.0], [23, 1, 6673.0], [23, 2, 20638.0], [23, 3, 331.0], [23, 4, 2557.0], [23, 5, 1316.0], [23, 6, 416.0], [23, 7, 3438.0], [23, 8, 5694.0], [23, 9, 18561.0], [23, 10, 757.0], [23, 11, 12640.0], [23, 12, 7792.0], [23, 13, 10548.0], [23, 14, 2.0], [23, 15, 9520.0], [23, 16, 6148.0], [23, 17, 10393.0], [23, 18, 9366.0], [23, 19, 15027.0], [23, 20, 43746.0], [23, 21, 38198.0], [23, 22, 8647.0], [23, 23, 1620.0], [23, 24, 11481.0], [23, 25, 2358.0], [23, 26, 6954.0], [23, 27, 3.0], [24, 0, 202.0], [24, 1, 4076.0], [24, 2, 4669.0], [24, 3, 7528.0], [24, 4, 2857.0], [24, 5, 6704.0], [24, 6, 12843.0], [24, 7, 59.0], [24, 8, 7265.0], [24, 9, 4037.0], [24, 10, 7033.0], [24, 11, 10523.0], [24, 12, 2889.0], [24, 13, 3703.0], [24, 14, 1.0], [24, 15, 2911.0], [24, 16, 24337.0], [24, 17, 146.0], [24, 18, 1125.0], [24, 19, 4639.0], [24, 20, 8.0], [24, 21, 2.0], [24, 22, 12.0], [24, 23, 31.0], [24, 24, 119.0], [24, 25, 1077.0], [24, 26, 0], [24, 27, 0], [25, 0, 0], [25, 1, 124.0], [25, 2, 1243.0], [25, 3, 376.0], [25, 4, 706.0], [25, 5, 137.0], [25, 6, 176.0], [25, 7, 1.0], [25, 8, 601.0], [25, 9, 53.0], [25, 10, 132.0], [25, 11, 309.0], [25, 12, 699.0], [25, 13, 418.0], [25, 14, 1.0], [25, 15, 0], [25, 16, 76.0], [25, 17, 4.0], [25, 18, 117.0], [25, 19, 1260.0], [25, 20, 0], [25, 21, 0], [25, 22, 0], [25, 23, 1.0], [25, 24, 8.0], [25, 25, 187.0], [25, 26, 0], [25, 27, 0], [26, 0, 16.0], [26, 1, 134.0], [26, 2, 20.0], [26, 3, 952.0], [26, 4, 808.0], [26, 5, 1094.0], [26, 6, 1034.0], [26, 7, 2.0], [26, 8, 2364.0], [26, 9, 0], [26, 10, 2862.0], [26, 11, 696.0], [26, 12, 5339.0], [26, 13, 1695.0], [26, 14, 0], [26, 15, 0], [26, 16, 832.0], [26, 17, 1.0], [26, 18, 321.0], [26, 19, 1835.0], [26, 20, 0], [26, 21, 0], [26, 22, 0], [26, 23, 0], [26, 24, 0], [26, 25, 367.0], [26, 26, 0], [26, 27, 1.0], [27, 0, 0], [27, 1, 0], [27, 2, 0], [27, 3, 236.0], [27, 4, 1470.0], [27, 5, 266.0], [27, 6, 57.0], [27, 7, 0], [27, 8, 47.0], [27, 9, 0], [27, 10, 43.0], [27, 11, 0], [27, 12, 0], [27, 13, 2600.0], [27, 14, 1.0], [27, 15, 0], [27, 16, 0], [27, 17, 0], [27, 18, 0], [27, 19, 8.0], [27, 20, 0], [27, 21, 0], [27, 22, 0], [27, 23, 0], [27, 24, 0], [27, 25, 0], [27, 26, 0], [27, 27, 0], [28, 0, 0], [28, 1, 2.0], [28, 2, 0], [28, 3, 26.0], [28, 4, 0], [28, 5, 0], [28, 6, 0], [28, 7, 10.0], [28, 8, 1.0], [28, 9, 34.0], [28, 10, 2.0], [28, 11, 5.0], [28, 12, 1.0], [28, 13, 1.0], [28, 14, 0], [28, 15, 25.0], [28, 16, 1.0], [28, 17, 160.0], [28, 18, 4.0], [28, 19, 0], [28, 20, 13.0], [28, 21, 0], [28, 22, 10.0], [28, 23, 1.0], [28, 24, 0], [28, 25, 0], [28, 26, 1204.0], [28, 27, 0], [29, 0, 0], [29, 1, 0], [29, 2, 75.0], [29, 3, 0], [29, 4, 0], [29, 5, 0], [29, 6, 24.0], [29, 7, 0], [29, 8, 0], [29, 9, 0], [29, 10, 0], [29, 11, 31.0], [29, 12, 0], [29, 13, 0], [29, 14, 0], [29, 15, 0], [29, 16, 0], [29, 17, 0], [29, 18, 0], [29, 19, 0], [29, 20, 0], [29, 21, 38.0], [29, 22, 0], [29, 23, 0], [29, 24, 0], [29, 25, 0], [29, 26, 0], [29, 27, 0], [30, 0, 0], [30, 1, 3.0], [30, 2, 46.0], [30, 3, 0], [30, 4, 0], [30, 5, 0], [30, 6, 0], [30, 7, 171.0], [30, 8, 0], [30, 9, 0], [30, 10, 0], [30, 11, 0], [30, 12, 7.0], [30, 13, 0], [30, 14, 0], [30, 15, 0], [30, 16, 2.0], [30, 17, 0], [30, 18, 0], [30, 19, 52.0], [30, 20, 0], [30, 21, 0], [30, 22, 0], [30, 23, 0], [30, 24, 0], [30, 25, 0], [30, 26, 12.0], [30, 27, 0], [31, 0, 35.0], [31, 1, 2.0], [31, 2, 8.0], [31, 3, 2.0], [31, 4, 1.0], [31, 5, 0], [31, 6, 2.0], [31, 7, 2.0], [31, 8, 5.0], [31, 9, 5.0], [31, 10, 1.0], [31, 11, 21.0], [31, 12, 2.0], [31, 13, 1.0], [31, 14, 0], [31, 15, 15.0], [31, 16, 3.0], [31, 17, 23.0], [31, 18, 4.0], [31, 19, 10.0], [31, 20, 10.0], [31, 21, 19.0], [31, 22, 9.0], [31, 23, 0], [31, 24, 6.0], [31, 25, 0], [31, 26, 2.0], [31, 27, 0], [32, 0, 0], [32, 1, 0], [32, 2, 0], [32, 3, 0], [32, 4, 0], [32, 5, 219.0], [32, 6, 0], [32, 7, 0], [32, 8, 94.0], [32, 9, 0], [32, 10, 0], [32, 11, 0], [32, 12, 0], [32, 13, 0], [32, 14, 0], [32, 15, 1.0], [32, 16, 0], [32, 17, 0], [32, 18, 0], [32, 19, 0], [32, 20, 3.0], [32, 21, 30.0], [32, 22, 0], [32, 23, 0], [32, 24, 0], [32, 25, 0], [32, 26, 0], [32, 27, 0], [33, 0, 1.0], [33, 1, 0], [33, 2, 0], [33, 3, 0], [33, 4, 14.0], [33, 5, 0], [33, 6, 0], [33, 7, 0], [33, 8, 0], [33, 9, 0], [33, 10, 0], [33, 11, 0], [33, 12, 244.0], [33, 13, 0], [33, 14, 0], [33, 15, 0], [33, 16, 0], [33, 17, 0], [33, 18, 0], [33, 19, 0], [33, 20, 7.0], [33, 21, 0], [33, 22, 0], [33, 23, 0], [33, 24, 0], [33, 25, 0], [33, 26, 0], [33, 27, 0], [34, 0, 0], [34, 1, 31.0], [34, 2, 582.0], [34, 3, 164.0], [34, 4, 66.0], [34, 5, 414.0], [34, 6, 300.0], [34, 7, 1.0], [34, 8, 32.0], [34, 9, 332.0], [34, 10, 1.0], [34, 11, 236.0], [34, 12, 0], [34, 13, 2.0], [34, 14, 0], [34, 15, 0], [34, 16, 0], [34, 17, 0], [34, 18, 0], [34, 19, 16.0], [34, 20, 0], [34, 21, 0], [34, 22, 0], [34, 23, 0], [34, 24, 1.0], [34, 25, 0], [34, 26, 0], [34, 27, 0], [35, 0, 3.0], [35, 1, 0], [35, 2, 0], [35, 3, 0], [35, 4, 0], [35, 5, 0], [35, 6, 0], [35, 7, 4.0], [35, 8, 0], [35, 9, 12.0], [35, 10, 0], [35, 11, 0], [35, 12, 0], [35, 13, 2.0], [35, 14, 0], [35, 15, 1.0], [35, 16, 0], [35, 17, 186.0], [35, 18, 0], [35, 19, 0], [35, 20, 6.0], [35, 21, 0], [35, 22, 195.0], [35, 23, 0], [35, 24, 0], [35, 25, 0], [35, 26, 0], [35, 27, 0], [36, 0, 0], [36, 1, 4.0], [36, 2, 0], [36, 3, 0], [36, 4, 0], [36, 5, 0], [36, 6, 0], [36, 7, 0], [36, 8, 0], [36, 9, 0], [36, 10, 0], [36, 11, 0], [36, 12, 7.0], [36, 13, 0], [36, 14, 0], [36, 15, 0], [36, 16, 0], [36, 17, 0], [36, 18, 35.0], [36, 19, 0], [36, 20, 0], [36, 21, 0], [36, 22, 0], [36, 23, 0], [36, 24, 0], [36, 25, 0], [36, 26, 0], [36, 27, 0], [37, 0, 0], [37, 1, 0], [37, 2, 0], [37, 3, 0], [37, 4, 0], [37, 5, 0], [37, 6, 8.0], [37, 7, 0], [37, 8, 0], [37, 9, 0], [37, 10, 0], [37, 11, 0], [37, 12, 0], [37, 13, 12.0], [37, 14, 0], [37, 15, 0], [37, 16, 0], [37, 17, 0], [37, 18, 0], [37, 19, 0], [37, 20, 0], [37, 21, 0], [37, 22, 0], [37, 23, 0], [37, 24, 0], [37, 25, 0], [37, 26, 0], [37, 27, 0], [38, 0, 1.0], [38, 1, 0], [38, 2, 2.0], [38, 3, 4.0], [38, 4, 0], [38, 5, 1.0], [38, 6, 6.0], [38, 7, 0], [38, 8, 1.0], [38, 9, 0], [38, 10, 1.0], [38, 11, 4.0], [38, 12, 2.0], [38, 13, 0], [38, 14, 0], [38, 15, 0], [38, 16, 1.0], [38, 17, 15.0], [38, 18, 2.0], [38, 19, 1.0], [38, 20, 0], [38, 21, 0], [38, 22, 0], [38, 23, 0], [38, 24, 0], [38, 25, 0], [38, 26, 0], [38, 27, 0], [39, 0, 0], [39, 1, 0], [39, 2, 10.0], [39, 3, 13.0], [39, 4, 152.0], [39, 5, 192.0], [39, 6, 3.0], [39, 7, 0], [39, 8, 1.0], [39, 9, 0], [39, 10, 0], [39, 11, 9.0], [39, 12, 0], [39, 13, 0], [39, 14, 0], [39, 15, 0], [39, 16, 0], [39, 17, 0], [39, 18, 0], [39, 19, 366.0], [39, 20, 0], [39, 21, 0], [39, 22, 0], [39, 23, 0], [39, 24, 0], [39, 25, 0], [39, 26, 0], [39, 27, 0], [40, 0, 0], [40, 1, 0], [40, 2, 0], [40, 3, 0], [40, 4, 6.0], [40, 5, 7.0], [40, 6, 0], [40, 7, 0], [40, 8, 21.0], [40, 9, 0], [40, 10, 0], [40, 11, 0], [40, 12, 0], [40, 13, 0], [40, 14, 0], [40, 15, 0], [40, 16, 0], [40, 17, 0], [40, 18, 0], [40, 19, 0], [40, 20, 0], [40, 21, 0], [40, 22, 0], [40, 23, 0], [40, 24, 0], [40, 25, 0], [40, 26, 0], [40, 27, 0], [41, 0, 0], [41, 1, 0], [41, 2, 0], [41, 3, 0], [41, 4, 0], [41, 5, 0], [41, 6, 0], [41, 7, 0], [41, 8, 0], [41, 9, 0], [41, 10, 0], [41, 11, 0], [41, 12, 0], [41, 13, 0], [41, 14, 0], [41, 15, 0], [41, 16, 0], [41, 17, 0], [41, 18, 0], [41, 19, 0], [41, 20, 0], [41, 21, 0], [41, 22, 0], [41, 23, 56.0], [41, 24, 0], [41, 25, 0], [41, 26, 0], [41, 27, 0], [42, 0, 0], [42, 1, 0], [42, 2, 0], [42, 3, 0], [42, 4, 0], [42, 5, 0], [42, 6, 0], [42, 7, 0], [42, 8, 0], [42, 9, 0], [42, 10, 0], [42, 11, 0], [42, 12, 0], [42, 13, 0], [42, 14, 0], [42, 15, 0], [42, 16, 0], [42, 17, 0], [42, 18, 0], [42, 19, 0], [42, 20, 149.0], [42, 21, 0], [42, 22, 0], [42, 23, 0], [42, 24, 0], [42, 25, 0], [42, 26, 0], [42, 27, 0], [43, 0, 0], [43, 1, 0], [43, 2, 40.0], [43, 3, 0], [43, 4, 0], [43, 5, 0], [43, 6, 0], [43, 7, 0], [43, 8, 0], [43, 9, 0], [43, 10, 0], [43, 11, 0], [43, 12, 0], [43, 13, 0], [43, 14, 0], [43, 15, 0], [43, 16, 0], [43, 17, 0], [43, 18, 0], [43, 19, 0], [43, 20, 0], [43, 21, 0], [43, 22, 0], [43, 23, 0], [43, 24, 0], [43, 25, 0], [43, 26, 0], [43, 27, 0], [44, 0, 43.0], [44, 1, 0], [44, 2, 0], [44, 3, 0], [44, 4, 0], [44, 5, 0], [44, 6, 0], [44, 7, 0], [44, 8, 0], [44, 9, 0], [44, 10, 0], [44, 11, 0], [44, 12, 0], [44, 13, 0], [44, 14, 0], [44, 15, 0], [44, 16, 27.0], [44, 17, 0], [44, 18, 0], [44, 19, 0], [44, 20, 0], [44, 21, 0], [44, 22, 0], [44, 23, 0], [44, 24, 0], [44, 25, 0], [44, 26, 0], [44, 27, 0], [45, 0, 0], [45, 1, 0], [45, 2, 0], [45, 3, 0], [45, 4, 0], [45, 5, 0], [45, 6, 0], [45, 7, 0], [45, 8, 0], [45, 9, 0], [45, 10, 0], [45, 11, 0], [45, 12, 0], [45, 13, 0], [45, 14, 0], [45, 15, 0], [45, 16, 0], [45, 17, 1.0], [45, 18, 0], [45, 19, 0], [45, 20, 3.0], [45, 21, 0], [45, 22, 0], [45, 23, 0], [45, 24, 0], [45, 25, 0], [45, 26, 0], [45, 27, 0], [46, 0, 0], [46, 1, 2.0], [46, 2, 2.0], [46, 3, 7.0], [46, 4, 0], [46, 5, 0], [46, 6, 0], [46, 7, 0], [46, 8, 0], [46, 9, 0], [46, 10, 3.0], [46, 11, 284.0], [46, 12, 0], [46, 13, 80.0], [46, 14, 0], [46, 15, 0], [46, 16, 39.0], [46, 17, 13.0], [46, 18, 193.0], [46, 19, 0], [46, 20, 219.0], [46, 21, 0], [46, 22, 1.0], [46, 23, 3.0], [46, 24, 1.0], [46, 25, 0], [46, 26, 0], [46, 27, 0], [47, 0, 0], [47, 1, 0], [47, 2, 0], [47, 3, 0], [47, 4, 0], [47, 5, 0], [47, 6, 0], [47, 7, 0], [47, 8, 0], [47, 9, 0], [47, 10, 0], [47, 11, 0], [47, 12, 0], [47, 13, 0], [47, 14, 0], [47, 15, 0], [47, 16, 0], [47, 17, 0], [47, 18, 0], [47, 19, 0], [47, 20, 13.0], [47, 21, 0], [47, 22, 0], [47, 23, 0], [47, 24, 0], [47, 25, 0], [47, 26, 0], [47, 27, 0], [48, 0, 0], [48, 1, 1.0], [48, 2, 0], [48, 3, 14.0], [48, 4, 0], [48, 5, 0], [48, 6, 12.0], [48, 7, 0], [48, 8, 0], [48, 9, 0], [48, 10, 124.0], [48, 11, 0], [48, 12, 0], [48, 13, 29.0], [48, 14, 0], [48, 15, 0], [48, 16, 0], [48, 17, 0], [48, 18, 0], [48, 19, 0], [48, 20, 0], [48, 21, 0], [48, 22, 0], [48, 23, 0], [48, 24, 0], [48, 25, 0], [48, 26, 0], [48, 27, 0], [49, 0, 0], [49, 1, 0], [49, 2, 0], [49, 3, 0], [49, 4, 0], [49, 5, 0], [49, 6, 0], [49, 7, 0], [49, 8, 0], [49, 9, 0], [49, 10, 20.0], [49, 11, 0], [49, 12, 0], [49, 13, 0], [49, 14, 0], [49, 15, 0], [49, 16, 0], [49, 17, 0], [49, 18, 0], [49, 19, 0], [49, 20, 0], [49, 21, 0], [49, 22, 0], [49, 23, 0], [49, 24, 0], [49, 25, 0], [49, 26, 0], [49, 27, 0], [50, 0, 0], [50, 1, 12.0], [50, 2, 0], [50, 3, 0], [50, 4, 0], [50, 5, 0], [50, 6, 0], [50, 7, 0], [50, 8, 0], [50, 9, 0], [50, 10, 0], [50, 11, 0], [50, 12, 0], [50, 13, 0], [50, 14, 0], [50, 15, 0], [50, 16, 0], [50, 17, 0], [50, 18, 0], [50, 19, 0], [50, 20, 0], [50, 21, 0], [50, 22, 0], [50, 23, 0], [50, 24, 0], [50, 25, 0], [50, 26, 0], [50, 27, 0], [51, 0, 1.0], [51, 1, 0], [51, 2, 0], [51, 3, 0], [51, 4, 0], [51, 5, 0], [51, 6, 0], [51, 7, 0], [51, 8, 0], [51, 9, 50.0], [51, 10, 0], [51, 11, 0], [51, 12, 0], [51, 13, 0], [51, 14, 0], [51, 15, 0], [51, 16, 0], [51, 17, 0], [51, 18, 0], [51, 19, 0], [51, 20, 0], [51, 21, 0], [51, 22, 0], [51, 23, 0], [51, 24, 0], [51, 25, 0], [51, 26, 0], [51, 27, 0], [52, 0, 0], [52, 1, 130.0], [52, 2, 0], [52, 3, 0], [52, 4, 0], [52, 5, 0], [52, 6, 0], [52, 7, 0], [52, 8, 0], [52, 9, 0], [52, 10, 0], [52, 11, 0], [52, 12, 0], [52, 13, 0], [52, 14, 0], [52, 15, 0], [52, 16, 0], [52, 17, 0], [52, 18, 0], [52, 19, 0], [52, 20, 0], [52, 21, 0], [52, 22, 0], [52, 23, 0], [52, 24, 0], [52, 25, 0], [52, 26, 0], [52, 27, 0], [53, 0, 0], [53, 1, 0], [53, 2, 0], [53, 3, 0], [53, 4, 0], [53, 5, 0], [53, 6, 0], [53, 7, 0], [53, 8, 0], [53, 9, 0], [53, 10, 0], [53, 11, 0], [53, 12, 0], [53, 13, 4.0], [53, 14, 0], [53, 15, 0], [53, 16, 0], [53, 17, 0], [53, 18, 0], [53, 19, 0], [53, 20, 0], [53, 21, 0], [53, 22, 0], [53, 23, 0], [53, 24, 0], [53, 25, 0], [53, 26, 0], [53, 27, 0], [54, 0, 0], [54, 1, 0], [54, 2, 0], [54, 3, 0], [54, 4, 0], [54, 5, 0], [54, 6, 0], [54, 7, 0], [54, 8, 0], [54, 9, 0], [54, 10, 0], [54, 11, 0], [54, 12, 0], [54, 13, 0], [54, 14, 0], [54, 15, 0], [54, 16, 0], [54, 17, 0], [54, 18, 0], [54, 19, 0], [54, 20, 2.0], [54, 21, 0], [54, 22, 0], [54, 23, 0], [54, 24, 0], [54, 25, 0], [54, 26, 0], [54, 27, 0], [55, 0, 0], [55, 1, 0], [55, 2, 0], [55, 3, 0], [55, 4, 0], [55, 5, 0], [55, 6, 0], [55, 7, 0], [55, 8, 0], [55, 9, 0], [55, 10, 0], [55, 11, 78.0], [55, 12, 0], [55, 13, 0], [55, 14, 0], [55, 15, 0], [55, 16, 0], [55, 17, 0], [55, 18, 0], [55, 19, 0], [55, 20, 0], [55, 21, 0], [55, 22, 0], [55, 23, 0], [55, 24, 0], [55, 25, 0], [55, 26, 0], [55, 27, 0], [56, 0, 0], [56, 1, 0], [56, 2, 0], [56, 3, 0], [56, 4, 0], [56, 5, 0], [56, 6, 0], [56, 7, 0], [56, 8, 0], [56, 9, 0], [56, 10, 0], [56, 11, 0], [56, 12, 0], [56, 13, 0], [56, 14, 0], [56, 15, 0], [56, 16, 0], [56, 17, 0], [56, 18, 0], [56, 19, 12.0], [56, 20, 0], [56, 21, 0], [56, 22, 0], [56, 23, 0], [56, 24, 0], [56, 25, 0], [56, 26, 0], [56, 27, 0], [57, 0, 0], [57, 1, 0], [57, 2, 0], [57, 3, 0], [57, 4, 0], [57, 5, 0], [57, 6, 0], [57, 7, 304.0], [57, 8, 0], [57, 9, 0], [57, 10, 0], [57, 11, 0], [57, 12, 0], [57, 13, 0], [57, 14, 0], [57, 15, 0], [57, 16, 0], [57, 17, 0], [57, 18, 0], [57, 19, 0], [57, 20, 0], [57, 21, 4.0], [57, 22, 0], [57, 23, 0], [57, 24, 0], [57, 25, 0], [57, 26, 0], [57, 27, 0], [58, 0, 0], [58, 1, 0], [58, 2, 0], [58, 3, 0], [58, 4, 0], [58, 5, 0], [58, 6, 0], [58, 7, 0], [58, 8, 0], [58, 9, 0], [58, 10, 0], [58, 11, 0], [58, 12, 0], [58, 13, 0], [58, 14, 0], [58, 15, 3.0], [58, 16, 0], [58, 17, 0], [58, 18, 0], [58, 19, 0], [58, 20, 0], [58, 21, 0], [58, 22, 0], [58, 23, 0], [58, 24, 0], [58, 25, 0], [58, 26, 0], [58, 27, 0], [59, 0, 3.0], [59, 1, 0], [59, 2, 0], [59, 3, 0], [59, 4, 0], [59, 5, 0], [59, 6, 0], [59, 7, 0], [59, 8, 0], [59, 9, 0], [59, 10, 0], [59, 11, 7.0], [59, 12, 0], [59, 13, 0], [59, 14, 0], [59, 15, 0], [59, 16, 0], [59, 17, 6.0], [59, 18, 0], [59, 19, 0], [59, 20, 0], [59, 21, 0], [59, 22, 0], [59, 23, 0], [59, 24, 0], [59, 25, 0], [59, 26, 0], [59, 27, 0], [60, 0, 0], [60, 1, 0], [60, 2, 0], [60, 3, 0], [60, 4, 0], [60, 5, 24.0], [60, 6, 0], [60, 7, 0], [60, 8, 0], [60, 9, 0], [60, 10, 0], [60, 11, 16.0], [60, 12, 0], [60, 13, 0], [60, 14, 0], [60, 15, 0], [60, 16, 0], [60, 17, 0], [60, 18, 0], [60, 19, 0], [60, 20, 0], [60, 21, 0], [60, 22, 0], [60, 23, 0], [60, 24, 0], [60, 25, 0], [60, 26, 0], [60, 27, 0], [61, 0, 0], [61, 1, 0], [61, 2, 0], [61, 3, 0], [61, 4, 0], [61, 5, 0], [61, 6, 0], [61, 7, 0], [61, 8, 0], [61, 9, 19.0], [61, 10, 0], [61, 11, 0], [61, 12, 0], [61, 13, 0], [61, 14, 0], [61, 15, 0], [61, 16, 0], [61, 17, 0], [61, 18, 0], [61, 19, 0], [61, 20, 0], [61, 21, 0], [61, 22, 0], [61, 23, 0], [61, 24, 0], [61, 25, 0], [61, 26, 0], [61, 27, 0], [62, 0, 1.0], [62, 1, 0], [62, 2, 0], [62, 3, 0], [62, 4, 0], [62, 5, 0], [62, 6, 0], [62, 7, 0], [62, 8, 0], [62, 9, 0], [62, 10, 0], [62, 11, 1.0], [62, 12, 0], [62, 13, 0], [62, 14, 0], [62, 15, 0], [62, 16, 0], [62, 17, 3.0], [62, 18, 0], [62, 19, 0], [62, 20, 0], [62, 21, 0], [62, 22, 0], [62, 23, 0], [62, 24, 0], [62, 25, 0], [62, 26, 0], [62, 27, 0], [63, 0, 0], [63, 1, 0], [63, 2, 0], [63, 3, 2.0], [63, 4, 0], [63, 5, 0], [63, 6, 1.0], [63, 7, 0], [63, 8, 0], [63, 9, 1.0], [63, 10, 1.0], [63, 11, 0], [63, 12, 0], [63, 13, 0], [63, 14, 0], [63, 15, 0], [63, 16, 0], [63, 17, 0], [63, 18, 0], [63, 19, 0], [63, 20, 0], [63, 21, 0], [63, 22, 0], [63, 23, 0], [63, 24, 0], [63, 25, 0], [63, 26, 0], [63, 27, 0], [64, 0, 0], [64, 1, 0], [64, 2, 2.0], [64, 3, 0], [64, 4, 0], [64, 5, 0], [64, 6, 0], [64, 7, 0], [64, 8, 0], [64, 9, 0], [64, 10, 0], [64, 11, 0], [64, 12, 0], [64, 13, 0], [64, 14, 0], [64, 15, 0], [64, 16, 0], [64, 17, 0], [64, 18, 0], [64, 19, 0], [64, 20, 0], [64, 21, 0], [64, 22, 0], [64, 23, 0], [64, 24, 0], [64, 25, 0], [64, 26, 0], [64, 27, 0], [65, 0, 0], [65, 1, 0], [65, 2, 0], [65, 3, 59.0], [65, 4, 0], [65, 5, 0], [65, 6, 0], [65, 7, 0], [65, 8, 0], [65, 9, 0], [65, 10, 0], [65, 11, 0], [65, 12, 0], [65, 13, 0], [65, 14, 0], [65, 15, 43.0], [65, 16, 0], [65, 17, 0], [65, 18, 438.0], [65, 19, 0], [65, 20, 0], [65, 21, 0], [65, 22, 0], [65, 23, 0], [65, 24, 35.0], [65, 25, 0], [65, 26, 0], [65, 27, 0]],"rows":[{"id": "OTU0", "metadata": {"taxonomy": ["D_0__Bacteria", "D_1__Actinobacteria", "D_2__Actinobacteria", "D_3__Micrococcales"]}}, {"id": "OTU1", "metadata": {"taxonomy": ["D_0__Bacteria", "D_1__Firmicutes", "D_2__Clostridia", "D_3__Clostridiales"]}}, {"id": "OTU2", "metadata": {"taxonomy": ["D_0__Bacteria", "D_1__Proteobacteria", "D_2__Alphaproteobacteria", "D_3__Rhizobiales"]}}, {"id": "OTU3", "metadata": {"taxonomy": ["D_0__Bacteria", "D_1__Firmicutes", "D_2__Negativicutes", "D_3__Selenomonadales"]}}, {"id": "OTU4", "metadata": {"taxonomy": ["D_0__Bacteria", "D_1__Proteobacteria", "D_2__Gammaproteobacteria", "D_3__Pseudomonadales"]}}, {"id": "OTU5", "metadata": {"taxonomy": ["D_0__Bacteria", "D_1__Bacteroidetes", "D_2__Bacteroidia", "D_3__Bacteroidales"]}}, {"id": "OTU6", "metadata": {"taxonomy": ["D_0__Bacteria", "D_1__Proteobacteria", "D_2__Betaproteobacteria", "D_3__Burkholderiales"]}}, {"id": "OTU7", "metadata": {"taxonomy": ["D_0__Bacteria", "D_1__Firmicutes", "D_2__Bacilli", "D_3__Lactobacillales"]}}, {"id": "OTU8", "metadata": {"taxonomy": ["D_0__Bacteria", "D_1__Proteobacteria", "D_2__Gammaproteobacteria", "D_3__Xanthomonadales"]}}, {"id": "OTU9", "metadata": {"taxonomy": ["D_0__Bacteria", "D_1__Proteobacteria", "Other", "Other"]}}, {"id": "OTU10", "metadata": {"taxonomy": ["D_0__Bacteria", "D_1__Proteobacteria", "D_2__Betaproteobacteria", "D_3__Neisseriales"]}}, {"id": "OTU11", "metadata": {"taxonomy": ["D_0__Bacteria", "D_1__Firmicutes", "D_2__Erysipelotrichia", "D_3__Erysipelotrichales"]}}, {"id": "OTU12", "metadata": {"taxonomy": ["D_0__Bacteria", "D_1__Saccharibacteria", "D_2__Unknown Class", "D_3__Unknown Order"]}}, {"id": "OTU13", "metadata": {"taxonomy": ["D_0__Bacteria", "D_1__Firmicutes", "D_2__Bacilli", "D_3__Bacillales"]}}, {"id": "OTU14", "metadata": {"taxonomy": ["D_0__Bacteria", "D_1__Actinobacteria", "D_2__Actinobacteria", "D_3__Corynebacteriales"]}}, {"id": "OTU15", "metadata": {"taxonomy": ["D_0__Bacteria", "D_1__Bacteroidetes", "D_2__Flavobacteriia", "D_3__Flavobacteriales"]}}, {"id": "OTU16", "metadata": {"taxonomy": ["D_0__Bacteria", "D_1__Firmicutes", "D_2__Bacilli", "Other"]}}, {"id": "OTU17", "metadata": {"taxonomy": ["D_0__Bacteria", "D_1__Proteobacteria", "D_2__Alphaproteobacteria", "D_3__Rhodobacterales"]}}, {"id": "OTU18", "metadata": {"taxonomy": ["D_0__Bacteria", "D_1__Proteobacteria", "D_2__Gammaproteobacteria", "D_3__Pasteurellales"]}}, {"id": "OTU19", "metadata": {"taxonomy": ["D_0__Bacteria", "D_1__Actinobacteria", "D_2__Actinobacteria", "D_3__Pseudonocardiales"]}}, {"id": "OTU20", "metadata": {"taxonomy": ["D_0__Bacteria", "D_1__Proteobacteria", "D_2__Gammaproteobacteria", "D_3__Aeromonadales"]}}, {"id": "OTU21", "metadata": {"taxonomy": ["D_0__Bacteria", "D_1__Proteobacteria", "D_2__Gammaproteobacteria", "D_3__Cardiobacteriales"]}}, {"id": "OTU22", "metadata": {"taxonomy": ["D_0__Bacteria", "Other", "Other", "Other"]}}, {"id": "OTU23", "metadata": {"taxonomy": ["D_0__Bacteria", "D_1__Actinobacteria", "D_2__Actinobacteria", "D_3__Propionibacteriales"]}}, {"id": "OTU24", "metadata": {"taxonomy": ["D_0__Bacteria", "D_1__Actinobacteria", "D_2__Actinobacteria", "D_3__Actinomycetales"]}}, {"id": "OTU25", "metadata": {"taxonomy": ["D_0__Bacteria", "D_1__Saccharibacteria", "D_2__uncultured bacterium", "D_3__uncultured bacterium"]}}, {"id": "OTU26", "metadata": {"taxonomy": ["D_0__Bacteria", "D_1__Fusobacteria", "D_2__Fusobacteriia", "D_3__Fusobacteriales"]}}, {"id": "OTU27", "metadata": {"taxonomy": ["D_0__Bacteria", "D_1__Tenericutes", "D_2__Mollicutes", "D_3__Mycoplasmatales"]}}, {"id": "OTU28", "metadata": {"taxonomy": ["D_0__Bacteria", "D_1__Proteobacteria", "D_2__Gammaproteobacteria", "Other"]}}, {"id": "OTU29", "metadata": {"taxonomy": ["D_0__Bacteria", "D_1__Bacteroidetes", "D_2__Sphingobacteriia", "D_3__Sphingobacteriales"]}}, {"id": "OTU30", "metadata": {"taxonomy": ["D_0__Bacteria", "D_1__Proteobacteria", "D_2__Alphaproteobacteria", "D_3__Caulobacterales"]}}, {"id": "OTU31", "metadata": {"taxonomy": ["D_0__Bacteria", "D_1__Actinobacteria", "D_2__Actinobacteria", "Other"]}}, {"id": "OTU32", "metadata": {"taxonomy": ["D_0__Bacteria", "D_1__Actinobacteria", "D_2__Actinobacteria", "D_3__Frankiales"]}}, {"id": "OTU33", "metadata": {"taxonomy": ["D_0__Bacteria", "D_1__Bacteroidetes", "D_2__Cytophagia", "D_3__Cytophagales"]}}, {"id": "OTU34", "metadata": {"taxonomy": ["D_0__Bacteria", "D_1__Actinobacteria", "D_2__Coriobacteriia", "D_3__Coriobacteriales"]}}, {"id": "OTU35", "metadata": {"taxonomy": ["D_0__Bacteria", "D_1__Proteobacteria", "D_2__Gammaproteobacteria", "D_3__Enterobacteriales"]}}, {"id": "OTU36", "metadata": {"taxonomy": ["D_0__Bacteria", "D_1__Cyanobacteria", "D_2__Chloroplast", "D_3__uncultured bacterium"]}}, {"id": "OTU37", "metadata": {"taxonomy": ["D_0__Bacteria", "D_1__Actinobacteria", "D_2__Actinobacteria", "D_3__Bifidobacteriales"]}}, {"id": "OTU38", "metadata": {"taxonomy": ["D_0__Bacteria", "D_1__Firmicutes", "Other", "Other"]}}, {"id": "OTU39", "metadata": {"taxonomy": ["D_0__Bacteria", "D_1__Spirochaetae", "D_2__Spirochaetes", "D_3__Spirochaetales"]}}, {"id": "OTU40", "metadata": {"taxonomy": ["D_0__Bacteria", "D_1__Synergistetes", "D_2__Synergistia", "D_3__Synergistales"]}}, {"id": "OTU41", "metadata": {"taxonomy": ["D_0__Bacteria", "D_1__Firmicutes", "D_2__Bacilli", "D_3__RS-F29"]}}, {"id": "OTU42", "metadata": {"taxonomy": ["D_0__Bacteria", "D_1__Cyanobacteria", "D_2__Chloroplast", "Other"]}}, {"id": "OTU43", "metadata": {"taxonomy": ["D_0__Bacteria", "D_1__Actinobacteria", "Other", "Other"]}}, {"id": "OTU44", "metadata": {"taxonomy": ["D_0__Bacteria", "D_1__Deinococcus-Thermus", "D_2__Deinococci", "D_3__Deinococcales"]}}, {"id": "OTU45", "metadata": {"taxonomy": ["D_0__Bacteria", "D_1__Proteobacteria", "D_2__Betaproteobacteria", "Other"]}}, {"id": "OTU46", "metadata": {"taxonomy": ["D_0__Bacteria", "D_1__Proteobacteria", "D_2__Gammaproteobacteria", "D_3__Oceanospirillales"]}}, {"id": "OTU47", "metadata": {"taxonomy": ["D_0__Bacteria", "D_1__Actinobacteria", "D_2__Thermoleophilia", "D_3__Gaiellales"]}}, {"id": "OTU48", "metadata": {"taxonomy": ["D_0__Bacteria", "D_1__Bacteroidetes", "Other", "Other"]}}, {"id": "OTU49", "metadata": {"taxonomy": ["D_0__Bacteria", "D_1__Actinobacteria", "D_2__Actinobacteria", "D_3__Streptosporangiales"]}}, {"id": "OTU50", "metadata": {"taxonomy": ["D_0__Bacteria", "D_1__Proteobacteria", "D_2__Gammaproteobacteria", "D_3__Cellvibrionales"]}}, {"id": "OTU51", "metadata": {"taxonomy": ["D_0__Bacteria", "D_1__Cyanobacteria", "D_2__Cyanobacteria", "D_3__SubsectionII"]}}, {"id": "OTU52", "metadata": {"taxonomy": ["D_0__Bacteria", "D_1__Firmicutes", "D_2__Clostridia", "D_3__Thermoanaerobacterales"]}}, {"id": "OTU53", "metadata": {"taxonomy": ["D_0__Bacteria", "D_1__Verrucomicrobia", "D_2__Verrucomicrobiae", "D_3__Verrucomicrobiales"]}}, {"id": "OTU54", "metadata": {"taxonomy": ["D_0__Bacteria", "D_1__Acidobacteria", "D_2__Acidobacteria", "D_3__Subgroup 4"]}}, {"id": "OTU55", "metadata": {"taxonomy": ["D_0__Bacteria", "D_1__Cyanobacteria", "D_2__Chloroplast", "D_3__Camelina sativa"]}}, {"id": "OTU56", "metadata": {"taxonomy": ["D_0__Bacteria", "D_1__Proteobacteria", "D_2__Betaproteobacteria", "D_3__Rhodocyclales"]}}, {"id": "OTU57", "metadata": {"taxonomy": ["D_0__Bacteria", "D_1__Actinobacteria", "D_2__Acidimicrobiia", "D_3__Acidimicrobiales"]}}, {"id": "OTU58", "metadata": {"taxonomy": ["D_0__Bacteria", "D_1__Proteobacteria", "D_2__Betaproteobacteria", "D_3__Methylophilales"]}}, {"id": "OTU59", "metadata": {"taxonomy": ["D_0__Bacteria", "D_1__Actinobacteria", "D_2__Actinobacteria", "D_3__Kineosporiales"]}}, {"id": "OTU60", "metadata": {"taxonomy": ["D_0__Bacteria", "D_1__Bacteroidetes", "D_2__Cytophagia", "D_3__Order II"]}}, {"id": "OTU61", "metadata": {"taxonomy": ["D_0__Bacteria", "D_1__Proteobacteria", "D_2__Deltaproteobacteria", "D_3__Bdellovibrionales"]}}, {"id": "OTU62", "metadata": {"taxonomy": ["D_0__Bacteria", "D_1__Actinobacteria", "D_2__Actinobacteria", "D_3__Streptomycetales"]}}, {"id": "OTU63", "metadata": {"taxonomy": ["Unassigned", "Other", "Other", "Other"]}}, {"id": "OTU64", "metadata": {"taxonomy": ["D_0__Bacteria", "D_1__Proteobacteria", "D_2__Alphaproteobacteria", "D_3__OCS116 clade"]}}, {"id": "OTU65", "metadata": {"taxonomy": ["D_0__Bacteria", "D_1__Actinobacteria", "D_2__Actinobacteria", "D_3__Actinopolysporales"]}}],"columns":[{"id": "zr1429.29", "metadata": {"id": "Subject1", "visit": "B1"}}, {"id": "zr1429.30", "metadata": {"id": "Subject2", "visit": "B1"}}, {"id": "zr1429.31", "metadata": {"id": "Subject2", "visit": "B2"}}, {"id": "zr1429.32", "metadata": {"id": "Subject2", "visit": "B3"}}, {"id": "zr1429.33", "metadata": {"id": "Subject3", "visit": "B1"}}, {"id": "zr1429.34", "metadata": {"id": "Subject4", "visit": "B1"}}, {"id": "zr1429.35", "metadata": {"id": "Subject4", "visit": "B2"}}, {"id": "zr1429.36", "metadata": {"id": "Subject4", "visit": "B3"}}, {"id": "zr1429.37", "metadata": {"id": "Subject5", "visit": "B1"}}, {"id": "zr1429.38", "metadata": {"id": "Subject5", "visit": "B2"}}, {"id": "zr1429.39", "metadata": {"id": "Subject5", "visit": "B3"}}, {"id": "zr1429.40", "metadata": {"id": "Subject6", "visit": "B1"}}, {"id": "zr1429.41", "metadata": {"id": "Subject6", "visit": "B2"}}, {"id": "zr1429.42", "metadata": {"id": "Subject6", "visit": "B3"}}, {"id": "zr1429.43", "metadata": {"id": "Subject7", "visit": "B1"}}, {"id": "zr1429.44", "metadata": {"id": "Subject7", "visit": "B2"}}, {"id": "zr1429.45", "metadata": {"id": "Subject7", "visit": "B3"}}, {"id": "zr1429.46", "metadata": {"id": "Subject8", "visit": "B1"}}, {"id": "zr1429.47", "metadata": {"id": "Subject8", "visit": "B2"}}, {"id": "zr1429.48", "metadata": {"id": "Subject8", "visit": "B3"}}, {"id": "zr1429.49", "metadata": {"id": "Subject9", "visit": "B1"}}, {"id": "zr1429.50", "metadata": {"id": "Subject9", "visit": "B2"}}, {"id": "zr1429.51", "metadata": {"id": "Subject9", "visit": "B3"}}, {"id": "zr1429.52", "metadata": {"id": "Subject10", "visit": "B1"}}, {"id": "zr1429.53", "metadata": {"id": "Subject10", "visit": "B2"}}, {"id": "zr1429.54", "metadata": {"id": "Subject10", "visit": "B3"}}, {"id": "zr1429.55", "metadata": {"id": "Saline", "visit": "NA"}}, {"id": "zr1429.56", "metadata": {"id": "Saline", "visit": "NA"}}]}
