{"id":"None","format":"Biological Observation Matrix 1.0.0","format_url":"http://biom-format.org","type":"OTU table","generated_by":"BIOM-Format 1.3.1","date":"2016-04-05T01:08:59.073096","matrix_type":"sparse","matrix_element_type":"int","shape":[2, 28],"data":[[0, 0, 49832.0], [0, 1, 49861.0], [0, 2, 49872.0], [0, 3, 49939.0], [0, 4, 49817.0], [0, 5, 49950.0], [0, 6, 49762.0], [0, 7, 31717.0], [0, 8, 49768.0], [0, 9, 49912.0], [0, 10, 49853.0], [0, 11, 49735.0], [0, 12, 49265.0], [0, 13, 49534.0], [0, 14, 7.0], [0, 15, 49663.0], [0, 16, 49668.0], [0, 17, 49963.0], [0, 18, 49565.0], [0, 19, 49416.0], [0, 20, 49720.0], [0, 21, 50033.0], [0, 22, 11563.0], [0, 23, 2866.0], [0, 24, 13271.0], [0, 25, 9078.0], [0, 26, 9677.0], [0, 27, 8.0], [1, 0, 0], [1, 1, 0], [1, 2, 0], [1, 3, 2.0], [1, 4, 0], [1, 5, 0], [1, 6, 1.0], [1, 7, 0], [1, 8, 0], [1, 9, 1.0], [1, 10, 1.0], [1, 11, 0], [1, 12, 0], [1, 13, 0], [1, 14, 0], [1, 15, 0], [1, 16, 0], [1, 17, 0], [1, 18, 0], [1, 19, 0], [1, 20, 0], [1, 21, 0], [1, 22, 0], [1, 23, 0], [1, 24, 0], [1, 25, 0], [1, 26, 0], [1, 27, 0]],"rows":[{"id": "OTU0", "metadata": {"taxonomy": ["D_0__Bacteria"]}}, {"id": "OTU1", "metadata": {"taxonomy": ["Unassigned"]}}],"columns":[{"id": "zr1429.29", "metadata": {"id": "Subject1", "visit": "B1"}}, {"id": "zr1429.30", "metadata": {"id": "Subject2", "visit": "B1"}}, {"id": "zr1429.31", "metadata": {"id": "Subject2", "visit": "B2"}}, {"id": "zr1429.32", "metadata": {"id": "Subject2", "visit": "B3"}}, {"id": "zr1429.33", "metadata": {"id": "Subject3", "visit": "B1"}}, {"id": "zr1429.34", "metadata": {"id": "Subject4", "visit": "B1"}}, {"id": "zr1429.35", "metadata": {"id": "Subject4", "visit": "B2"}}, {"id": "zr1429.36", "metadata": {"id": "Subject4", "visit": "B3"}}, {"id": "zr1429.37", "metadata": {"id": "Subject5", "visit": "B1"}}, {"id": "zr1429.38", "metadata": {"id": "Subject5", "visit": "B2"}}, {"id": "zr1429.39", "metadata": {"id": "Subject5", "visit": "B3"}}, {"id": "zr1429.40", "metadata": {"id": "Subject6", "visit": "B1"}}, {"id": "zr1429.41", "metadata": {"id": "Subject6", "visit": "B2"}}, {"id": "zr1429.42", "metadata": {"id": "Subject6", "visit": "B3"}}, {"id": "zr1429.43", "metadata": {"id": "Subject7", "visit": "B1"}}, {"id": "zr1429.44", "metadata": {"id": "Subject7", "visit": "B2"}}, {"id": "zr1429.45", "metadata": {"id": "Subject7", "visit": "B3"}}, {"id": "zr1429.46", "metadata": {"id": "Subject8", "visit": "B1"}}, {"id": "zr1429.47", "metadata": {"id": "Subject8", "visit": "B2"}}, {"id": "zr1429.48", "metadata": {"id": "Subject8", "visit": "B3"}}, {"id": "zr1429.49", "metadata": {"id": "Subject9", "visit": "B1"}}, {"id": "zr1429.50", "metadata": {"id": "Subject9", "visit": "B2"}}, {"id": "zr1429.51", "metadata": {"id": "Subject9", "visit": "B3"}}, {"id": "zr1429.52", "metadata": {"id": "Subject10", "visit": "B1"}}, {"id": "zr1429.53", "metadata": {"id": "Subject10", "visit": "B2"}}, {"id": "zr1429.54", "metadata": {"id": "Subject10", "visit": "B3"}}, {"id": "zr1429.55", "metadata": {"id": "Saline", "visit": "NA"}}, {"id": "zr1429.56", "metadata": {"id": "Saline", "visit": "NA"}}]}
