{"id":"None","format":"Biological Observation Matrix 1.0.0","format_url":"http://biom-format.org","type":"OTU table","generated_by":"BIOM-Format 1.3.1","date":"2016-04-05T01:08:59.073096","matrix_type":"sparse","matrix_element_type":"int","shape":[15, 28],"data":[[0, 0, 43828.0], [0, 1, 11620.0], [0, 2, 28507.0], [0, 3, 11135.0], [0, 4, 6617.0], [0, 5, 9435.0], [0, 6, 17418.0], [0, 7, 12820.0], [0, 8, 17784.0], [0, 9, 34863.0], [0, 10, 12031.0], [0, 11, 27151.0], [0, 12, 16264.0], [0, 13, 19117.0], [0, 14, 4.0], [0, 15, 31051.0], [0, 16, 32137.0], [0, 17, 21198.0], [0, 18, 14713.0], [0, 19, 25366.0], [0, 20, 44981.0], [0, 21, 40252.0], [0, 22, 9292.0], [0, 23, 1862.0], [0, 24, 12198.0], [0, 25, 3946.0], [0, 26, 7017.0], [0, 27, 4.0], [1, 0, 5372.0], [1, 1, 31265.0], [1, 2, 14922.0], [1, 3, 29796.0], [1, 4, 21451.0], [1, 5, 17709.0], [1, 6, 27223.0], [1, 7, 2481.0], [1, 8, 22828.0], [1, 9, 11058.0], [1, 10, 24674.0], [1, 11, 15576.0], [1, 12, 19525.0], [1, 13, 13631.0], [1, 14, 1.0], [1, 15, 17302.0], [1, 16, 12481.0], [1, 17, 26177.0], [1, 18, 18963.0], [1, 19, 12181.0], [1, 20, 1043.0], [1, 21, 1699.0], [1, 22, 160.0], [1, 23, 102.0], [1, 24, 102.0], [1, 25, 3224.0], [1, 26, 485.0], [1, 27, 2.0], [2, 0, 493.0], [2, 1, 370.0], [2, 2, 1241.0], [2, 3, 835.0], [2, 4, 1481.0], [2, 5, 2489.0], [2, 6, 1230.0], [2, 7, 16413.0], [2, 8, 3893.0], [2, 9, 1290.0], [2, 10, 5740.0], [2, 11, 1480.0], [2, 12, 4840.0], [2, 13, 8333.0], [2, 14, 0], [2, 15, 1310.0], [2, 16, 2453.0], [2, 17, 2580.0], [2, 18, 14892.0], [2, 19, 3276.0], [2, 20, 3490.0], [2, 21, 7967.0], [2, 22, 1738.0], [2, 23, 900.0], [2, 24, 893.0], [2, 25, 1162.0], [2, 26, 2123.0], [2, 27, 1.0], [3, 0, 54.0], [3, 1, 904.0], [3, 2, 3032.0], [3, 3, 4899.0], [3, 4, 14264.0], [3, 5, 17706.0], [3, 6, 2304.0], [3, 7, 0], [3, 8, 1313.0], [3, 9, 1933.0], [3, 10, 2271.0], [3, 11, 3502.0], [3, 12, 1253.0], [3, 13, 418.0], [3, 14, 0], [3, 15, 0], [3, 16, 1316.0], [3, 17, 0], [3, 18, 507.0], [3, 19, 3028.0], [3, 20, 51.0], [3, 21, 113.0], [3, 22, 373.0], [3, 23, 0], [3, 24, 70.0], [3, 25, 10.0], [3, 26, 48.0], [3, 27, 0], [4, 0, 0], [4, 1, 625.0], [4, 2, 1444.0], [4, 3, 563.0], [4, 4, 970.0], [4, 5, 137.0], [4, 6, 188.0], [4, 7, 1.0], [4, 8, 721.0], [4, 9, 718.0], [4, 10, 2035.0], [4, 11, 327.0], [4, 12, 1518.0], [4, 13, 418.0], [4, 14, 1.0], [4, 15, 0], [4, 16, 76.0], [4, 17, 4.0], [4, 18, 117.0], [4, 19, 1390.0], [4, 20, 0], [4, 21, 0], [4, 22, 0], [4, 23, 2.0], [4, 24, 8.0], [4, 25, 187.0], [4, 26, 0], [4, 27, 0], [5, 0, 25.0], [5, 1, 4939.0], [5, 2, 696.0], [5, 3, 1510.0], [5, 4, 2598.0], [5, 5, 915.0], [5, 6, 305.0], [5, 7, 0], [5, 8, 796.0], [5, 9, 0], [5, 10, 197.0], [5, 11, 916.0], [5, 12, 519.0], [5, 13, 3318.0], [5, 14, 0], [5, 15, 0], [5, 16, 346.0], [5, 17, 3.0], [5, 18, 17.0], [5, 19, 1966.0], [5, 20, 4.0], [5, 21, 2.0], [5, 22, 0], [5, 23, 0], [5, 24, 0], [5, 25, 182.0], [5, 26, 4.0], [5, 27, 0], [6, 0, 16.0], [6, 1, 134.0], [6, 2, 20.0], [6, 3, 952.0], [6, 4, 808.0], [6, 5, 1094.0], [6, 6, 1034.0], [6, 7, 2.0], [6, 8, 2364.0], [6, 9, 0], [6, 10, 2862.0], [6, 11, 696.0], [6, 12, 5339.0], [6, 13, 1695.0], [6, 14, 0], [6, 15, 0], [6, 16, 832.0], [6, 17, 1.0], [6, 18, 321.0], [6, 19, 1835.0], [6, 20, 0], [6, 21, 0], [6, 22, 0], [6, 23, 0], [6, 24, 0], [6, 25, 367.0], [6, 26, 0], [6, 27, 1.0], [7, 0, 0], [7, 1, 0], [7, 2, 0], [7, 3, 236.0], [7, 4, 1470.0], [7, 5, 266.0], [7, 6, 57.0], [7, 7, 0], [7, 8, 47.0], [7, 9, 0], [7, 10, 43.0], [7, 11, 0], [7, 12, 0], [7, 13, 2600.0], [7, 14, 1.0], [7, 15, 0], [7, 16, 0], [7, 17, 0], [7, 18, 0], [7, 19, 8.0], [7, 20, 0], [7, 21, 0], [7, 22, 0], [7, 23, 0], [7, 24, 0], [7, 25, 0], [7, 26, 0], [7, 27, 0], [8, 0, 1.0], [8, 1, 4.0], [8, 2, 0], [8, 3, 0], [8, 4, 0], [8, 5, 0], [8, 6, 0], [8, 7, 0], [8, 8, 0], [8, 9, 50.0], [8, 10, 0], [8, 11, 78.0], [8, 12, 7.0], [8, 13, 0], [8, 14, 0], [8, 15, 0], [8, 16, 0], [8, 17, 0], [8, 18, 35.0], [8, 19, 0], [8, 20, 149.0], [8, 21, 0], [8, 22, 0], [8, 23, 0], [8, 24, 0], [8, 25, 0], [8, 26, 0], [8, 27, 0], [9, 0, 0], [9, 1, 0], [9, 2, 10.0], [9, 3, 13.0], [9, 4, 152.0], [9, 5, 192.0], [9, 6, 3.0], [9, 7, 0], [9, 8, 1.0], [9, 9, 0], [9, 10, 0], [9, 11, 9.0], [9, 12, 0], [9, 13, 0], [9, 14, 0], [9, 15, 0], [9, 16, 0], [9, 17, 0], [9, 18, 0], [9, 19, 366.0], [9, 20, 0], [9, 21, 0], [9, 22, 0], [9, 23, 0], [9, 24, 0], [9, 25, 0], [9, 26, 0], [9, 27, 0], [10, 0, 0], [10, 1, 0], [10, 2, 0], [10, 3, 0], [10, 4, 6.0], [10, 5, 7.0], [10, 6, 0], [10, 7, 0], [10, 8, 21.0], [10, 9, 0], [10, 10, 0], [10, 11, 0], [10, 12, 0], [10, 13, 0], [10, 14, 0], [10, 15, 0], [10, 16, 0], [10, 17, 0], [10, 18, 0], [10, 19, 0], [10, 20, 0], [10, 21, 0], [10, 22, 0], [10, 23, 0], [10, 24, 0], [10, 25, 0], [10, 26, 0], [10, 27, 0], [11, 0, 43.0], [11, 1, 0], [11, 2, 0], [11, 3, 0], [11, 4, 0], [11, 5, 0], [11, 6, 0], [11, 7, 0], [11, 8, 0], [11, 9, 0], [11, 10, 0], [11, 11, 0], [11, 12, 0], [11, 13, 0], [11, 14, 0], [11, 15, 0], [11, 16, 27.0], [11, 17, 0], [11, 18, 0], [11, 19, 0], [11, 20, 0], [11, 21, 0], [11, 22, 0], [11, 23, 0], [11, 24, 0], [11, 25, 0], [11, 26, 0], [11, 27, 0], [12, 0, 0], [12, 1, 0], [12, 2, 0], [12, 3, 0], [12, 4, 0], [12, 5, 0], [12, 6, 0], [12, 7, 0], [12, 8, 0], [12, 9, 0], [12, 10, 0], [12, 11, 0], [12, 12, 0], [12, 13, 4.0], [12, 14, 0], [12, 15, 0], [12, 16, 0], [12, 17, 0], [12, 18, 0], [12, 19, 0], [12, 20, 0], [12, 21, 0], [12, 22, 0], [12, 23, 0], [12, 24, 0], [12, 25, 0], [12, 26, 0], [12, 27, 0], [13, 0, 0], [13, 1, 0], [13, 2, 0], [13, 3, 0], [13, 4, 0], [13, 5, 0], [13, 6, 0], [13, 7, 0], [13, 8, 0], [13, 9, 0], [13, 10, 0], [13, 11, 0], [13, 12, 0], [13, 13, 0], [13, 14, 0], [13, 15, 0], [13, 16, 0], [13, 17, 0], [13, 18, 0], [13, 19, 0], [13, 20, 2.0], [13, 21, 0], [13, 22, 0], [13, 23, 0], [13, 24, 0], [13, 25, 0], [13, 26, 0], [13, 27, 0], [14, 0, 0], [14, 1, 0], [14, 2, 0], [14, 3, 2.0], [14, 4, 0], [14, 5, 0], [14, 6, 1.0], [14, 7, 0], [14, 8, 0], [14, 9, 1.0], [14, 10, 1.0], [14, 11, 0], [14, 12, 0], [14, 13, 0], [14, 14, 0], [14, 15, 0], [14, 16, 0], [14, 17, 0], [14, 18, 0], [14, 19, 0], [14, 20, 0], [14, 21, 0], [14, 22, 0], [14, 23, 0], [14, 24, 0], [14, 25, 0], [14, 26, 0], [14, 27, 0]],"rows":[{"id": "OTU0", "metadata": {"taxonomy": ["D_0__Bacteria", "D_1__Actinobacteria"]}}, {"id": "OTU1", "metadata": {"taxonomy": ["D_0__Bacteria", "D_1__Firmicutes"]}}, {"id": "OTU2", "metadata": {"taxonomy": ["D_0__Bacteria", "D_1__Proteobacteria"]}}, {"id": "OTU3", "metadata": {"taxonomy": ["D_0__Bacteria", "D_1__Bacteroidetes"]}}, {"id": "OTU4", "metadata": {"taxonomy": ["D_0__Bacteria", "D_1__Saccharibacteria"]}}, {"id": "OTU5", "metadata": {"taxonomy": ["D_0__Bacteria", "Other"]}}, {"id": "OTU6", "metadata": {"taxonomy": ["D_0__Bacteria", "D_1__Fusobacteria"]}}, {"id": "OTU7", "metadata": {"taxonomy": ["D_0__Bacteria", "D_1__Tenericutes"]}}, {"id": "OTU8", "metadata": {"taxonomy": ["D_0__Bacteria", "D_1__Cyanobacteria"]}}, {"id": "OTU9", "metadata": {"taxonomy": ["D_0__Bacteria", "D_1__Spirochaetae"]}}, {"id": "OTU10", "metadata": {"taxonomy": ["D_0__Bacteria", "D_1__Synergistetes"]}}, {"id": "OTU11", "metadata": {"taxonomy": ["D_0__Bacteria", "D_1__Deinococcus-Thermus"]}}, {"id": "OTU12", "metadata": {"taxonomy": ["D_0__Bacteria", "D_1__Verrucomicrobia"]}}, {"id": "OTU13", "metadata": {"taxonomy": ["D_0__Bacteria", "D_1__Acidobacteria"]}}, {"id": "OTU14", "metadata": {"taxonomy": ["Unassigned", "Other"]}}],"columns":[{"id": "zr1429.29", "metadata": {"id": "Subject1", "visit": "B1"}}, {"id": "zr1429.30", "metadata": {"id": "Subject2", "visit": "B1"}}, {"id": "zr1429.31", "metadata": {"id": "Subject2", "visit": "B2"}}, {"id": "zr1429.32", "metadata": {"id": "Subject2", "visit": "B3"}}, {"id": "zr1429.33", "metadata": {"id": "Subject3", "visit": "B1"}}, {"id": "zr1429.34", "metadata": {"id": "Subject4", "visit": "B1"}}, {"id": "zr1429.35", "metadata": {"id": "Subject4", "visit": "B2"}}, {"id": "zr1429.36", "metadata": {"id": "Subject4", "visit": "B3"}}, {"id": "zr1429.37", "metadata": {"id": "Subject5", "visit": "B1"}}, {"id": "zr1429.38", "metadata": {"id": "Subject5", "visit": "B2"}}, {"id": "zr1429.39", "metadata": {"id": "Subject5", "visit": "B3"}}, {"id": "zr1429.40", "metadata": {"id": "Subject6", "visit": "B1"}}, {"id": "zr1429.41", "metadata": {"id": "Subject6", "visit": "B2"}}, {"id": "zr1429.42", "metadata": {"id": "Subject6", "visit": "B3"}}, {"id": "zr1429.43", "metadata": {"id": "Subject7", "visit": "B1"}}, {"id": "zr1429.44", "metadata": {"id": "Subject7", "visit": "B2"}}, {"id": "zr1429.45", "metadata": {"id": "Subject7", "visit": "B3"}}, {"id": "zr1429.46", "metadata": {"id": "Subject8", "visit": "B1"}}, {"id": "zr1429.47", "metadata": {"id": "Subject8", "visit": "B2"}}, {"id": "zr1429.48", "metadata": {"id": "Subject8", "visit": "B3"}}, {"id": "zr1429.49", "metadata": {"id": "Subject9", "visit": "B1"}}, {"id": "zr1429.50", "metadata": {"id": "Subject9", "visit": "B2"}}, {"id": "zr1429.51", "metadata": {"id": "Subject9", "visit": "B3"}}, {"id": "zr1429.52", "metadata": {"id": "Subject10", "visit": "B1"}}, {"id": "zr1429.53", "metadata": {"id": "Subject10", "visit": "B2"}}, {"id": "zr1429.54", "metadata": {"id": "Subject10", "visit": "B3"}}, {"id": "zr1429.55", "metadata": {"id": "Saline", "visit": "NA"}}, {"id": "zr1429.56", "metadata": {"id": "Saline", "visit": "NA"}}]}
