{"id":"None","format":"Biological Observation Matrix 1.0.0","format_url":"http://biom-format.org","type":"OTU table","generated_by":"BIOM-Format 1.3.1","date":"2016-04-05T01:08:59.073096","matrix_type":"sparse","matrix_element_type":"int","shape":[33, 28],"data":[[0, 0, 43828.0], [0, 1, 11589.0], [0, 2, 27885.0], [0, 3, 10971.0], [0, 4, 6551.0], [0, 5, 9021.0], [0, 6, 17118.0], [0, 7, 12515.0], [0, 8, 17752.0], [0, 9, 34531.0], [0, 10, 12030.0], [0, 11, 26915.0], [0, 12, 16264.0], [0, 13, 19115.0], [0, 14, 4.0], [0, 15, 31051.0], [0, 16, 32137.0], [0, 17, 21198.0], [0, 18, 14713.0], [0, 19, 25350.0], [0, 20, 44968.0], [0, 21, 40248.0], [0, 22, 9292.0], [0, 23, 1862.0], [0, 24, 12197.0], [0, 25, 3946.0], [0, 26, 7017.0], [0, 27, 4.0], [1, 0, 101.0], [1, 1, 9860.0], [1, 2, 7518.0], [1, 3, 8713.0], [1, 4, 3746.0], [1, 5, 2785.0], [1, 6, 2549.0], [1, 7, 194.0], [1, 8, 5592.0], [1, 9, 1224.0], [1, 10, 2550.0], [1, 11, 2731.0], [1, 12, 2884.0], [1, 13, 6729.0], [1, 14, 1.0], [1, 15, 3.0], [1, 16, 2185.0], [1, 17, 747.0], [1, 18, 347.0], [1, 19, 7885.0], [1, 20, 35.0], [1, 21, 1383.0], [1, 22, 131.0], [1, 23, 0], [1, 24, 29.0], [1, 25, 286.0], [1, 26, 412.0], [1, 27, 0], [2, 0, 158.0], [2, 1, 3.0], [2, 2, 53.0], [2, 3, 0], [2, 4, 71.0], [2, 5, 17.0], [2, 6, 0], [2, 7, 1786.0], [2, 8, 20.0], [2, 9, 4.0], [2, 10, 0], [2, 11, 232.0], [2, 12, 7.0], [2, 13, 0], [2, 14, 0], [2, 15, 16.0], [2, 16, 32.0], [2, 17, 2.0], [2, 18, 148.0], [2, 19, 60.0], [2, 20, 109.0], [2, 21, 4.0], [2, 22, 26.0], [2, 23, 153.0], [2, 24, 21.0], [2, 25, 64.0], [2, 26, 229.0], [2, 27, 0], [3, 0, 96.0], [3, 1, 1040.0], [3, 2, 1173.0], [3, 3, 3081.0], [3, 4, 6457.0], [3, 5, 4140.0], [3, 6, 1640.0], [3, 7, 0], [3, 8, 1118.0], [3, 9, 1037.0], [3, 10, 1967.0], [3, 11, 1740.0], [3, 12, 963.0], [3, 13, 202.0], [3, 14, 0], [3, 15, 1.0], [3, 16, 254.0], [3, 17, 128.0], [3, 18, 1077.0], [3, 19, 3369.0], [3, 20, 9.0], [3, 21, 0], [3, 22, 0], [3, 23, 0], [3, 24, 0], [3, 25, 160.0], [3, 26, 0], [3, 27, 0], [4, 0, 301.0], [4, 1, 205.0], [4, 2, 365.0], [4, 3, 523.0], [4, 4, 1062.0], [4, 5, 820.0], [4, 6, 507.0], [4, 7, 4459.0], [4, 8, 1301.0], [4, 9, 613.0], [4, 10, 3679.0], [4, 11, 514.0], [4, 12, 1041.0], [4, 13, 3687.0], [4, 14, 0], [4, 15, 455.0], [4, 16, 384.0], [4, 17, 1547.0], [4, 18, 13513.0], [4, 19, 2412.0], [4, 20, 502.0], [4, 21, 7581.0], [4, 22, 829.0], [4, 23, 324.0], [4, 24, 280.0], [4, 25, 606.0], [4, 26, 1396.0], [4, 27, 0], [5, 0, 44.0], [5, 1, 897.0], [5, 2, 2926.0], [5, 3, 4830.0], [5, 4, 14188.0], [5, 5, 17682.0], [5, 6, 2238.0], [5, 7, 0], [5, 8, 1291.0], [5, 9, 1933.0], [5, 10, 2092.0], [5, 11, 3454.0], [5, 12, 918.0], [5, 13, 389.0], [5, 14, 0], [5, 15, 0], [5, 16, 1311.0], [5, 17, 0], [5, 18, 507.0], [5, 19, 2815.0], [5, 20, 2.0], [5, 21, 2.0], [5, 22, 1.0], [5, 23, 0], [5, 24, 70.0], [5, 25, 10.0], [5, 26, 0], [5, 27, 0], [6, 0, 34.0], [6, 1, 162.0], [6, 2, 823.0], [6, 3, 190.0], [6, 4, 297.0], [6, 5, 1553.0], [6, 6, 413.0], [6, 7, 10167.0], [6, 8, 1745.0], [6, 9, 654.0], [6, 10, 1382.0], [6, 11, 686.0], [6, 12, 3084.0], [6, 13, 2957.0], [6, 14, 0], [6, 15, 839.0], [6, 16, 1512.0], [6, 17, 1030.0], [6, 18, 1128.0], [6, 19, 725.0], [6, 20, 2853.0], [6, 21, 381.0], [6, 22, 881.0], [6, 23, 423.0], [6, 24, 592.0], [6, 25, 329.0], [6, 26, 498.0], [6, 27, 1.0], [7, 0, 5174.0], [7, 1, 19875.0], [7, 2, 4760.0], [7, 3, 17253.0], [7, 4, 10876.0], [7, 5, 10503.0], [7, 6, 22189.0], [7, 7, 2287.0], [7, 8, 15997.0], [7, 9, 8776.0], [7, 10, 20139.0], [7, 11, 10183.0], [7, 12, 15676.0], [7, 13, 6700.0], [7, 14, 0], [7, 15, 17298.0], [7, 16, 9806.0], [7, 17, 25287.0], [7, 18, 17537.0], [7, 19, 926.0], [7, 20, 999.0], [7, 21, 316.0], [7, 22, 29.0], [7, 23, 102.0], [7, 24, 72.0], [7, 25, 2778.0], [7, 26, 73.0], [7, 27, 2.0], [8, 0, 0], [8, 1, 0], [8, 2, 0], [8, 3, 122.0], [8, 4, 51.0], [8, 5, 99.0], [8, 6, 310.0], [8, 7, 1.0], [8, 8, 827.0], [8, 9, 0], [8, 10, 679.0], [8, 11, 48.0], [8, 12, 708.0], [8, 13, 1689.0], [8, 14, 0], [8, 15, 0], [8, 16, 525.0], [8, 17, 1.0], [8, 18, 103.0], [8, 19, 79.0], [8, 20, 26.0], [8, 21, 1.0], [8, 22, 2.0], [8, 23, 0], [8, 24, 0], [8, 25, 163.0], [8, 26, 0], [8, 27, 0], [9, 0, 0], [9, 1, 490.0], [9, 2, 1469.0], [9, 3, 745.0], [9, 4, 372.0], [9, 5, 280.0], [9, 6, 839.0], [9, 7, 0], [9, 8, 120.0], [9, 9, 21.0], [9, 10, 17.0], [9, 11, 918.0], [9, 12, 0], [9, 13, 0], [9, 14, 0], [9, 15, 0], [9, 16, 235.0], [9, 17, 0], [9, 18, 0], [9, 19, 0], [9, 20, 0], [9, 21, 0], [9, 22, 0], [9, 23, 0], [9, 24, 1.0], [9, 25, 0], [9, 26, 0], [9, 27, 0], [10, 0, 0], [10, 1, 501.0], [10, 2, 201.0], [10, 3, 187.0], [10, 4, 264.0], [10, 5, 0], [10, 6, 12.0], [10, 7, 0], [10, 8, 120.0], [10, 9, 665.0], [10, 10, 1903.0], [10, 11, 18.0], [10, 12, 819.0], [10, 13, 0], [10, 14, 0], [10, 15, 0], [10, 16, 0], [10, 17, 0], [10, 18, 0], [10, 19, 130.0], [10, 20, 0], [10, 21, 0], [10, 22, 0], [10, 23, 1.0], [10, 24, 0], [10, 25, 0], [10, 26, 0], [10, 27, 0], [11, 0, 9.0], [11, 1, 6.0], [11, 2, 31.0], [11, 3, 55.0], [11, 4, 62.0], [11, 5, 0], [11, 6, 30.0], [11, 7, 0], [11, 8, 22.0], [11, 9, 0], [11, 10, 55.0], [11, 11, 1.0], [11, 12, 91.0], [11, 13, 0], [11, 14, 0], [11, 15, 0], [11, 16, 5.0], [11, 17, 0], [11, 18, 0], [11, 19, 213.0], [11, 20, 42.0], [11, 21, 73.0], [11, 22, 372.0], [11, 23, 0], [11, 24, 0], [11, 25, 0], [11, 26, 48.0], [11, 27, 0], [12, 0, 25.0], [12, 1, 4939.0], [12, 2, 696.0], [12, 3, 1510.0], [12, 4, 2598.0], [12, 5, 915.0], [12, 6, 305.0], [12, 7, 0], [12, 8, 796.0], [12, 9, 0], [12, 10, 197.0], [12, 11, 916.0], [12, 12, 519.0], [12, 13, 3318.0], [12, 14, 0], [12, 15, 0], [12, 16, 346.0], [12, 17, 3.0], [12, 18, 17.0], [12, 19, 1966.0], [12, 20, 4.0], [12, 21, 2.0], [12, 22, 0], [12, 23, 0], [12, 24, 0], [12, 25, 182.0], [12, 26, 4.0], [12, 27, 0], [13, 0, 0], [13, 1, 124.0], [13, 2, 1243.0], [13, 3, 376.0], [13, 4, 706.0], [13, 5, 137.0], [13, 6, 176.0], [13, 7, 1.0], [13, 8, 601.0], [13, 9, 53.0], [13, 10, 132.0], [13, 11, 309.0], [13, 12, 699.0], [13, 13, 418.0], [13, 14, 1.0], [13, 15, 0], [13, 16, 76.0], [13, 17, 4.0], [13, 18, 117.0], [13, 19, 1260.0], [13, 20, 0], [13, 21, 0], [13, 22, 0], [13, 23, 1.0], [13, 24, 8.0], [13, 25, 187.0], [13, 26, 0], [13, 27, 0], [14, 0, 16.0], [14, 1, 134.0], [14, 2, 20.0], [14, 3, 952.0], [14, 4, 808.0], [14, 5, 1094.0], [14, 6, 1034.0], [14, 7, 2.0], [14, 8, 2364.0], [14, 9, 0], [14, 10, 2862.0], [14, 11, 696.0], [14, 12, 5339.0], [14, 13, 1695.0], [14, 14, 0], [14, 15, 0], [14, 16, 832.0], [14, 17, 1.0], [14, 18, 321.0], [14, 19, 1835.0], [14, 20, 0], [14, 21, 0], [14, 22, 0], [14, 23, 0], [14, 24, 0], [14, 25, 367.0], [14, 26, 0], [14, 27, 1.0], [15, 0, 0], [15, 1, 0], [15, 2, 0], [15, 3, 236.0], [15, 4, 1470.0], [15, 5, 266.0], [15, 6, 57.0], [15, 7, 0], [15, 8, 47.0], [15, 9, 0], [15, 10, 43.0], [15, 11, 0], [15, 12, 0], [15, 13, 2600.0], [15, 14, 1.0], [15, 15, 0], [15, 16, 0], [15, 17, 0], [15, 18, 0], [15, 19, 8.0], [15, 20, 0], [15, 21, 0], [15, 22, 0], [15, 23, 0], [15, 24, 0], [15, 25, 0], [15, 26, 0], [15, 27, 0], [16, 0, 0], [16, 1, 0], [16, 2, 75.0], [16, 3, 0], [16, 4, 0], [16, 5, 0], [16, 6, 24.0], [16, 7, 0], [16, 8, 0], [16, 9, 0], [16, 10, 0], [16, 11, 31.0], [16, 12, 0], [16, 13, 0], [16, 14, 0], [16, 15, 0], [16, 16, 0], [16, 17, 0], [16, 18, 0], [16, 19, 0], [16, 20, 0], [16, 21, 38.0], [16, 22, 0], [16, 23, 0], [16, 24, 0], [16, 25, 0], [16, 26, 0], [16, 27, 0], [17, 0, 1.0], [17, 1, 0], [17, 2, 0], [17, 3, 0], [17, 4, 14.0], [17, 5, 24.0], [17, 6, 0], [17, 7, 0], [17, 8, 0], [17, 9, 0], [17, 10, 0], [17, 11, 16.0], [17, 12, 244.0], [17, 13, 0], [17, 14, 0], [17, 15, 0], [17, 16, 0], [17, 17, 0], [17, 18, 0], [17, 19, 0], [17, 20, 7.0], [17, 21, 0], [17, 22, 0], [17, 23, 0], [17, 24, 0], [17, 25, 0], [17, 26, 0], [17, 27, 0], [18, 0, 0], [18, 1, 31.0], [18, 2, 582.0], [18, 3, 164.0], [18, 4, 66.0], [18, 5, 414.0], [18, 6, 300.0], [18, 7, 1.0], [18, 8, 32.0], [18, 9, 332.0], [18, 10, 1.0], [18, 11, 236.0], [18, 12, 0], [18, 13, 2.0], [18, 14, 0], [18, 15, 0], [18, 16, 0], [18, 17, 0], [18, 18, 0], [18, 19, 16.0], [18, 20, 0], [18, 21, 0], [18, 22, 0], [18, 23, 0], [18, 24, 1.0], [18, 25, 0], [18, 26, 0], [18, 27, 0], [19, 0, 0], [19, 1, 4.0], [19, 2, 0], [19, 3, 0], [19, 4, 0], [19, 5, 0], [19, 6, 0], [19, 7, 0], [19, 8, 0], [19, 9, 0], [19, 10, 0], [19, 11, 78.0], [19, 12, 7.0], [19, 13, 0], [19, 14, 0], [19, 15, 0], [19, 16, 0], [19, 17, 0], [19, 18, 35.0], [19, 19, 0], [19, 20, 149.0], [19, 21, 0], [19, 22, 0], [19, 23, 0], [19, 24, 0], [19, 25, 0], [19, 26, 0], [19, 27, 0], [20, 0, 1.0], [20, 1, 0], [20, 2, 2.0], [20, 3, 4.0], [20, 4, 0], [20, 5, 1.0], [20, 6, 6.0], [20, 7, 0], [20, 8, 1.0], [20, 9, 0], [20, 10, 1.0], [20, 11, 4.0], [20, 12, 2.0], [20, 13, 0], [20, 14, 0], [20, 15, 0], [20, 16, 1.0], [20, 17, 15.0], [20, 18, 2.0], [20, 19, 1.0], [20, 20, 0], [20, 21, 0], [20, 22, 0], [20, 23, 0], [20, 24, 0], [20, 25, 0], [20, 26, 0], [20, 27, 0], [21, 0, 0], [21, 1, 0], [21, 2, 10.0], [21, 3, 13.0], [21, 4, 152.0], [21, 5, 192.0], [21, 6, 3.0], [21, 7, 0], [21, 8, 1.0], [21, 9, 0], [21, 10, 0], [21, 11, 9.0], [21, 12, 0], [21, 13, 0], [21, 14, 0], [21, 15, 0], [21, 16, 0], [21, 17, 0], [21, 18, 0], [21, 19, 366.0], [21, 20, 0], [21, 21, 0], [21, 22, 0], [21, 23, 0], [21, 24, 0], [21, 25, 0], [21, 26, 0], [21, 27, 0], [22, 0, 0], [22, 1, 0], [22, 2, 0], [22, 3, 0], [22, 4, 6.0], [22, 5, 7.0], [22, 6, 0], [22, 7, 0], [22, 8, 21.0], [22, 9, 0], [22, 10, 0], [22, 11, 0], [22, 12, 0], [22, 13, 0], [22, 14, 0], [22, 15, 0], [22, 16, 0], [22, 17, 0], [22, 18, 0], [22, 19, 0], [22, 20, 0], [22, 21, 0], [22, 22, 0], [22, 23, 0], [22, 24, 0], [22, 25, 0], [22, 26, 0], [22, 27, 0], [23, 0, 0], [23, 1, 0], [23, 2, 40.0], [23, 3, 0], [23, 4, 0], [23, 5, 0], [23, 6, 0], [23, 7, 0], [23, 8, 0], [23, 9, 0], [23, 10, 0], [23, 11, 0], [23, 12, 0], [23, 13, 0], [23, 14, 0], [23, 15, 0], [23, 16, 0], [23, 17, 0], [23, 18, 0], [23, 19, 0], [23, 20, 0], [23, 21, 0], [23, 22, 0], [23, 23, 0], [23, 24, 0], [23, 25, 0], [23, 26, 0], [23, 27, 0], [24, 0, 43.0], [24, 1, 0], [24, 2, 0], [24, 3, 0], [24, 4, 0], [24, 5, 0], [24, 6, 0], [24, 7, 0], [24, 8, 0], [24, 9, 0], [24, 10, 0], [24, 11, 0], [24, 12, 0], [24, 13, 0], [24, 14, 0], [24, 15, 0], [24, 16, 27.0], [24, 17, 0], [24, 18, 0], [24, 19, 0], [24, 20, 0], [24, 21, 0], [24, 22, 0], [24, 23, 0], [24, 24, 0], [24, 25, 0], [24, 26, 0], [24, 27, 0], [25, 0, 0], [25, 1, 0], [25, 2, 0], [25, 3, 0], [25, 4, 0], [25, 5, 0], [25, 6, 0], [25, 7, 0], [25, 8, 0], [25, 9, 0], [25, 10, 0], [25, 11, 0], [25, 12, 0], [25, 13, 0], [25, 14, 0], [25, 15, 0], [25, 16, 0], [25, 17, 0], [25, 18, 0], [25, 19, 0], [25, 20, 13.0], [25, 21, 0], [25, 22, 0], [25, 23, 0], [25, 24, 0], [25, 25, 0], [25, 26, 0], [25, 27, 0], [26, 0, 0], [26, 1, 1.0], [26, 2, 0], [26, 3, 14.0], [26, 4, 0], [26, 5, 0], [26, 6, 12.0], [26, 7, 0], [26, 8, 0], [26, 9, 0], [26, 10, 124.0], [26, 11, 0], [26, 12, 0], [26, 13, 29.0], [26, 14, 0], [26, 15, 0], [26, 16, 0], [26, 17, 0], [26, 18, 0], [26, 19, 0], [26, 20, 0], [26, 21, 0], [26, 22, 0], [26, 23, 0], [26, 24, 0], [26, 25, 0], [26, 26, 0], [26, 27, 0], [27, 0, 1.0], [27, 1, 0], [27, 2, 0], [27, 3, 0], [27, 4, 0], [27, 5, 0], [27, 6, 0], [27, 7, 0], [27, 8, 0], [27, 9, 50.0], [27, 10, 0], [27, 11, 0], [27, 12, 0], [27, 13, 0], [27, 14, 0], [27, 15, 0], [27, 16, 0], [27, 17, 0], [27, 18, 0], [27, 19, 0], [27, 20, 0], [27, 21, 0], [27, 22, 0], [27, 23, 0], [27, 24, 0], [27, 25, 0], [27, 26, 0], [27, 27, 0], [28, 0, 0], [28, 1, 0], [28, 2, 0], [28, 3, 0], [28, 4, 0], [28, 5, 0], [28, 6, 0], [28, 7, 0], [28, 8, 0], [28, 9, 0], [28, 10, 0], [28, 11, 0], [28, 12, 0], [28, 13, 4.0], [28, 14, 0], [28, 15, 0], [28, 16, 0], [28, 17, 0], [28, 18, 0], [28, 19, 0], [28, 20, 0], [28, 21, 0], [28, 22, 0], [28, 23, 0], [28, 24, 0], [28, 25, 0], [28, 26, 0], [28, 27, 0], [29, 0, 0], [29, 1, 0], [29, 2, 0], [29, 3, 0], [29, 4, 0], [29, 5, 0], [29, 6, 0], [29, 7, 0], [29, 8, 0], [29, 9, 0], [29, 10, 0], [29, 11, 0], [29, 12, 0], [29, 13, 0], [29, 14, 0], [29, 15, 0], [29, 16, 0], [29, 17, 0], [29, 18, 0], [29, 19, 0], [29, 20, 2.0], [29, 21, 0], [29, 22, 0], [29, 23, 0], [29, 24, 0], [29, 25, 0], [29, 26, 0], [29, 27, 0], [30, 0, 0], [30, 1, 0], [30, 2, 0], [30, 3, 0], [30, 4, 0], [30, 5, 0], [30, 6, 0], [30, 7, 304.0], [30, 8, 0], [30, 9, 0], [30, 10, 0], [30, 11, 0], [30, 12, 0], [30, 13, 0], [30, 14, 0], [30, 15, 0], [30, 16, 0], [30, 17, 0], [30, 18, 0], [30, 19, 0], [30, 20, 0], [30, 21, 4.0], [30, 22, 0], [30, 23, 0], [30, 24, 0], [30, 25, 0], [30, 26, 0], [30, 27, 0], [31, 0, 0], [31, 1, 0], [31, 2, 0], [31, 3, 0], [31, 4, 0], [31, 5, 0], [31, 6, 0], [31, 7, 0], [31, 8, 0], [31, 9, 19.0], [31, 10, 0], [31, 11, 0], [31, 12, 0], [31, 13, 0], [31, 14, 0], [31, 15, 0], [31, 16, 0], [31, 17, 0], [31, 18, 0], [31, 19, 0], [31, 20, 0], [31, 21, 0], [31, 22, 0], [31, 23, 0], [31, 24, 0], [31, 25, 0], [31, 26, 0], [31, 27, 0], [32, 0, 0], [32, 1, 0], [32, 2, 0], [32, 3, 2.0], [32, 4, 0], [32, 5, 0], [32, 6, 1.0], [32, 7, 0], [32, 8, 0], [32, 9, 1.0], [32, 10, 1.0], [32, 11, 0], [32, 12, 0], [32, 13, 0], [32, 14, 0], [32, 15, 0], [32, 16, 0], [32, 17, 0], [32, 18, 0], [32, 19, 0], [32, 20, 0], [32, 21, 0], [32, 22, 0], [32, 23, 0], [32, 24, 0], [32, 25, 0], [32, 26, 0], [32, 27, 0]],"rows":[{"id": "OTU0", "metadata": {"taxonomy": ["D_0__Bacteria", "D_1__Actinobacteria", "D_2__Actinobacteria"]}}, {"id": "OTU1", "metadata": {"taxonomy": ["D_0__Bacteria", "D_1__Firmicutes", "D_2__Clostridia"]}}, {"id": "OTU2", "metadata": {"taxonomy": ["D_0__Bacteria", "D_1__Proteobacteria", "D_2__Alphaproteobacteria"]}}, {"id": "OTU3", "metadata": {"taxonomy": ["D_0__Bacteria", "D_1__Firmicutes", "D_2__Negativicutes"]}}, {"id": "OTU4", "metadata": {"taxonomy": ["D_0__Bacteria", "D_1__Proteobacteria", "D_2__Gammaproteobacteria"]}}, {"id": "OTU5", "metadata": {"taxonomy": ["D_0__Bacteria", "D_1__Bacteroidetes", "D_2__Bacteroidia"]}}, {"id": "OTU6", "metadata": {"taxonomy": ["D_0__Bacteria", "D_1__Proteobacteria", "D_2__Betaproteobacteria"]}}, {"id": "OTU7", "metadata": {"taxonomy": ["D_0__Bacteria", "D_1__Firmicutes", "D_2__Bacilli"]}}, {"id": "OTU8", "metadata": {"taxonomy": ["D_0__Bacteria", "D_1__Proteobacteria", "Other"]}}, {"id": "OTU9", "metadata": {"taxonomy": ["D_0__Bacteria", "D_1__Firmicutes", "D_2__Erysipelotrichia"]}}, {"id": "OTU10", "metadata": {"taxonomy": ["D_0__Bacteria", "D_1__Saccharibacteria", "D_2__Unknown Class"]}}, {"id": "OTU11", "metadata": {"taxonomy": ["D_0__Bacteria", "D_1__Bacteroidetes", "D_2__Flavobacteriia"]}}, {"id": "OTU12", "metadata": {"taxonomy": ["D_0__Bacteria", "Other", "Other"]}}, {"id": "OTU13", "metadata": {"taxonomy": ["D_0__Bacteria", "D_1__Saccharibacteria", "D_2__uncultured bacterium"]}}, {"id": "OTU14", "metadata": {"taxonomy": ["D_0__Bacteria", "D_1__Fusobacteria", "D_2__Fusobacteriia"]}}, {"id": "OTU15", "metadata": {"taxonomy": ["D_0__Bacteria", "D_1__Tenericutes", "D_2__Mollicutes"]}}, {"id": "OTU16", "metadata": {"taxonomy": ["D_0__Bacteria", "D_1__Bacteroidetes", "D_2__Sphingobacteriia"]}}, {"id": "OTU17", "metadata": {"taxonomy": ["D_0__Bacteria", "D_1__Bacteroidetes", "D_2__Cytophagia"]}}, {"id": "OTU18", "metadata": {"taxonomy": ["D_0__Bacteria", "D_1__Actinobacteria", "D_2__Coriobacteriia"]}}, {"id": "OTU19", "metadata": {"taxonomy": ["D_0__Bacteria", "D_1__Cyanobacteria", "D_2__Chloroplast"]}}, {"id": "OTU20", "metadata": {"taxonomy": ["D_0__Bacteria", "D_1__Firmicutes", "Other"]}}, {"id": "OTU21", "metadata": {"taxonomy": ["D_0__Bacteria", "D_1__Spirochaetae", "D_2__Spirochaetes"]}}, {"id": "OTU22", "metadata": {"taxonomy": ["D_0__Bacteria", "D_1__Synergistetes", "D_2__Synergistia"]}}, {"id": "OTU23", "metadata": {"taxonomy": ["D_0__Bacteria", "D_1__Actinobacteria", "Other"]}}, {"id": "OTU24", "metadata": {"taxonomy": ["D_0__Bacteria", "D_1__Deinococcus-Thermus", "D_2__Deinococci"]}}, {"id": "OTU25", "metadata": {"taxonomy": ["D_0__Bacteria", "D_1__Actinobacteria", "D_2__Thermoleophilia"]}}, {"id": "OTU26", "metadata": {"taxonomy": ["D_0__Bacteria", "D_1__Bacteroidetes", "Other"]}}, {"id": "OTU27", "metadata": {"taxonomy": ["D_0__Bacteria", "D_1__Cyanobacteria", "D_2__Cyanobacteria"]}}, {"id": "OTU28", "metadata": {"taxonomy": ["D_0__Bacteria", "D_1__Verrucomicrobia", "D_2__Verrucomicrobiae"]}}, {"id": "OTU29", "metadata": {"taxonomy": ["D_0__Bacteria", "D_1__Acidobacteria", "D_2__Acidobacteria"]}}, {"id": "OTU30", "metadata": {"taxonomy": ["D_0__Bacteria", "D_1__Actinobacteria", "D_2__Acidimicrobiia"]}}, {"id": "OTU31", "metadata": {"taxonomy": ["D_0__Bacteria", "D_1__Proteobacteria", "D_2__Deltaproteobacteria"]}}, {"id": "OTU32", "metadata": {"taxonomy": ["Unassigned", "Other", "Other"]}}],"columns":[{"id": "zr1429.29", "metadata": {"id": "Subject1", "visit": "B1"}}, {"id": "zr1429.30", "metadata": {"id": "Subject2", "visit": "B1"}}, {"id": "zr1429.31", "metadata": {"id": "Subject2", "visit": "B2"}}, {"id": "zr1429.32", "metadata": {"id": "Subject2", "visit": "B3"}}, {"id": "zr1429.33", "metadata": {"id": "Subject3", "visit": "B1"}}, {"id": "zr1429.34", "metadata": {"id": "Subject4", "visit": "B1"}}, {"id": "zr1429.35", "metadata": {"id": "Subject4", "visit": "B2"}}, {"id": "zr1429.36", "metadata": {"id": "Subject4", "visit": "B3"}}, {"id": "zr1429.37", "metadata": {"id": "Subject5", "visit": "B1"}}, {"id": "zr1429.38", "metadata": {"id": "Subject5", "visit": "B2"}}, {"id": "zr1429.39", "metadata": {"id": "Subject5", "visit": "B3"}}, {"id": "zr1429.40", "metadata": {"id": "Subject6", "visit": "B1"}}, {"id": "zr1429.41", "metadata": {"id": "Subject6", "visit": "B2"}}, {"id": "zr1429.42", "metadata": {"id": "Subject6", "visit": "B3"}}, {"id": "zr1429.43", "metadata": {"id": "Subject7", "visit": "B1"}}, {"id": "zr1429.44", "metadata": {"id": "Subject7", "visit": "B2"}}, {"id": "zr1429.45", "metadata": {"id": "Subject7", "visit": "B3"}}, {"id": "zr1429.46", "metadata": {"id": "Subject8", "visit": "B1"}}, {"id": "zr1429.47", "metadata": {"id": "Subject8", "visit": "B2"}}, {"id": "zr1429.48", "metadata": {"id": "Subject8", "visit": "B3"}}, {"id": "zr1429.49", "metadata": {"id": "Subject9", "visit": "B1"}}, {"id": "zr1429.50", "metadata": {"id": "Subject9", "visit": "B2"}}, {"id": "zr1429.51", "metadata": {"id": "Subject9", "visit": "B3"}}, {"id": "zr1429.52", "metadata": {"id": "Subject10", "visit": "B1"}}, {"id": "zr1429.53", "metadata": {"id": "Subject10", "visit": "B2"}}, {"id": "zr1429.54", "metadata": {"id": "Subject10", "visit": "B3"}}, {"id": "zr1429.55", "metadata": {"id": "Saline", "visit": "NA"}}, {"id": "zr1429.56", "metadata": {"id": "Saline", "visit": "NA"}}]}
